Archive member included to satisfy reference by file (symbol)

c:/st/stm32cubeide_1.8.0/stm32cubeide/plugins/com.st.stm32cube.ide.mcu.externaltools.gnu-tools-for-stm32.9-2020-q2-update.win32_2.0.0.202105311346/tools/bin/../lib/gcc/arm-none-eabi/9.3.1/../../../../arm-none-eabi/lib/thumb/v7e-m+fp/hard\libc_nano.a(lib_a-errno.o)
                              ./Core/Src/syscalls.o (__errno)
c:/st/stm32cubeide_1.8.0/stm32cubeide/plugins/com.st.stm32cube.ide.mcu.externaltools.gnu-tools-for-stm32.9-2020-q2-update.win32_2.0.0.202105311346/tools/bin/../lib/gcc/arm-none-eabi/9.3.1/../../../../arm-none-eabi/lib/thumb/v7e-m+fp/hard\libc_nano.a(lib_a-exit.o)
                              c:/st/stm32cubeide_1.8.0/stm32cubeide/plugins/com.st.stm32cube.ide.mcu.externaltools.gnu-tools-for-stm32.9-2020-q2-update.win32_2.0.0.202105311346/tools/bin/../lib/gcc/arm-none-eabi/9.3.1/../../../../arm-none-eabi/lib/thumb/v7e-m+fp/hard/crt0.o (exit)
c:/st/stm32cubeide_1.8.0/stm32cubeide/plugins/com.st.stm32cube.ide.mcu.externaltools.gnu-tools-for-stm32.9-2020-q2-update.win32_2.0.0.202105311346/tools/bin/../lib/gcc/arm-none-eabi/9.3.1/../../../../arm-none-eabi/lib/thumb/v7e-m+fp/hard\libc_nano.a(lib_a-impure.o)
                              c:/st/stm32cubeide_1.8.0/stm32cubeide/plugins/com.st.stm32cube.ide.mcu.externaltools.gnu-tools-for-stm32.9-2020-q2-update.win32_2.0.0.202105311346/tools/bin/../lib/gcc/arm-none-eabi/9.3.1/../../../../arm-none-eabi/lib/thumb/v7e-m+fp/hard\libc_nano.a(lib_a-exit.o) (_global_impure_ptr)
c:/st/stm32cubeide_1.8.0/stm32cubeide/plugins/com.st.stm32cube.ide.mcu.externaltools.gnu-tools-for-stm32.9-2020-q2-update.win32_2.0.0.202105311346/tools/bin/../lib/gcc/arm-none-eabi/9.3.1/../../../../arm-none-eabi/lib/thumb/v7e-m+fp/hard\libc_nano.a(lib_a-init.o)
                              c:/st/stm32cubeide_1.8.0/stm32cubeide/plugins/com.st.stm32cube.ide.mcu.externaltools.gnu-tools-for-stm32.9-2020-q2-update.win32_2.0.0.202105311346/tools/bin/../lib/gcc/arm-none-eabi/9.3.1/../../../../arm-none-eabi/lib/thumb/v7e-m+fp/hard/crt0.o (__libc_init_array)
c:/st/stm32cubeide_1.8.0/stm32cubeide/plugins/com.st.stm32cube.ide.mcu.externaltools.gnu-tools-for-stm32.9-2020-q2-update.win32_2.0.0.202105311346/tools/bin/../lib/gcc/arm-none-eabi/9.3.1/../../../../arm-none-eabi/lib/thumb/v7e-m+fp/hard\libc_nano.a(lib_a-memset.o)
                              c:/st/stm32cubeide_1.8.0/stm32cubeide/plugins/com.st.stm32cube.ide.mcu.externaltools.gnu-tools-for-stm32.9-2020-q2-update.win32_2.0.0.202105311346/tools/bin/../lib/gcc/arm-none-eabi/9.3.1/../../../../arm-none-eabi/lib/thumb/v7e-m+fp/hard/crt0.o (memset)
c:/st/stm32cubeide_1.8.0/stm32cubeide/plugins/com.st.stm32cube.ide.mcu.externaltools.gnu-tools-for-stm32.9-2020-q2-update.win32_2.0.0.202105311346/tools/bin/../lib/gcc/arm-none-eabi/9.3.1/thumb/v7e-m+fp/hard\libgcc.a(_aeabi_uldivmod.o)
                              ./Drivers/STM32F4xx_HAL_Driver/Src/stm32f4xx_hal_rcc.o (__aeabi_uldivmod)
c:/st/stm32cubeide_1.8.0/stm32cubeide/plugins/com.st.stm32cube.ide.mcu.externaltools.gnu-tools-for-stm32.9-2020-q2-update.win32_2.0.0.202105311346/tools/bin/../lib/gcc/arm-none-eabi/9.3.1/thumb/v7e-m+fp/hard\libgcc.a(_udivmoddi4.o)
                              c:/st/stm32cubeide_1.8.0/stm32cubeide/plugins/com.st.stm32cube.ide.mcu.externaltools.gnu-tools-for-stm32.9-2020-q2-update.win32_2.0.0.202105311346/tools/bin/../lib/gcc/arm-none-eabi/9.3.1/thumb/v7e-m+fp/hard\libgcc.a(_aeabi_uldivmod.o) (__udivmoddi4)
c:/st/stm32cubeide_1.8.0/stm32cubeide/plugins/com.st.stm32cube.ide.mcu.externaltools.gnu-tools-for-stm32.9-2020-q2-update.win32_2.0.0.202105311346/tools/bin/../lib/gcc/arm-none-eabi/9.3.1/thumb/v7e-m+fp/hard\libgcc.a(_dvmd_tls.o)
                              c:/st/stm32cubeide_1.8.0/stm32cubeide/plugins/com.st.stm32cube.ide.mcu.externaltools.gnu-tools-for-stm32.9-2020-q2-update.win32_2.0.0.202105311346/tools/bin/../lib/gcc/arm-none-eabi/9.3.1/thumb/v7e-m+fp/hard\libgcc.a(_aeabi_uldivmod.o) (__aeabi_ldiv0)

Allocating common symbols
Common symbol       size              file

hUsbDeviceFS        0x2d0             ./USB_DEVICE/App/usb_device.o
hpcd_USB_OTG_FS     0x408             ./USB_DEVICE/Target/usbd_conf.o
uwTick              0x4               ./Drivers/STM32F4xx_HAL_Driver/Src/stm32f4xx_hal.o
pFlash              0x20              ./Drivers/STM32F4xx_HAL_Driver/Src/stm32f4xx_hal_flash.o
USBD_StrDesc        0x200             ./USB_DEVICE/App/usbd_desc.o

Discarded input sections

 .text          0x0000000000000000        0x0 c:/st/stm32cubeide_1.8.0/stm32cubeide/plugins/com.st.stm32cube.ide.mcu.externaltools.gnu-tools-for-stm32.9-2020-q2-update.win32_2.0.0.202105311346/tools/bin/../lib/gcc/arm-none-eabi/9.3.1/thumb/v7e-m+fp/hard/crti.o
 .data          0x0000000000000000        0x0 c:/st/stm32cubeide_1.8.0/stm32cubeide/plugins/com.st.stm32cube.ide.mcu.externaltools.gnu-tools-for-stm32.9-2020-q2-update.win32_2.0.0.202105311346/tools/bin/../lib/gcc/arm-none-eabi/9.3.1/thumb/v7e-m+fp/hard/crti.o
[...]
Memory Configuration

Name             Origin             Length             Attributes
RAM              0x0000000020000000 0x0000000000020000 xrw
FLASH            0x0000000008000000 0x0000000000080000 xr
*default*        0x0000000000000000 0xffffffffffffffff

Linker script and memory map

LOAD c:/st/stm32cubeide_1.8.0/stm32cubeide/plugins/com.st.stm32cube.ide.mcu.externaltools.gnu-tools-for-stm32.9-2020-q2-update.win32_2.0.0.202105311346/tools/bin/../lib/gcc/arm-none-eabi/9.3.1/thumb/v7e-m+fp/hard/crti.o
LOAD c:/st/stm32cubeide_1.8.0/stm32cubeide/plugins/com.st.stm32cube.ide.mcu.externaltools.gnu-tools-for-stm32.9-2020-q2-update.win32_2.0.0.202105311346/tools/bin/../lib/gcc/arm-none-eabi/9.3.1/thumb/v7e-m+fp/hard/crtbegin.o
LOAD c:/st/stm32cubeide_1.8.0/stm32cubeide/plugins/com.st.stm32cube.ide.mcu.externaltools.gnu-tools-for-stm32.9-2020-q2-update.win32_2.0.0.202105311346/tools/bin/../lib/gcc/arm-none-eabi/9.3.1/../../../../arm-none-eabi/lib/thumb/v7e-m+fp/hard/crt0.o
LOAD ./Core/Src/main.o
LOAD ./Core/Src/stm32f4xx_hal_msp.o
LOAD ./Core/Src/stm32f4xx_it.o
LOAD ./Core/Src/syscalls.o
LOAD ./Core/Src/sysmem.o
LOAD ./Core/Src/system_stm32f4xx.o
LOAD ./Core/Startup/startup_stm32f411ceux.o
LOAD ./Drivers/STM32F4xx_HAL_Driver/Src/stm32f4xx_hal.o
LOAD ./Drivers/STM32F4xx_HAL_Driver/Src/stm32f4xx_hal_cortex.o
LOAD ./Drivers/STM32F4xx_HAL_Driver/Src/stm32f4xx_hal_dma.o
LOAD ./Drivers/STM32F4xx_HAL_Driver/Src/stm32f4xx_hal_dma_ex.o
LOAD ./Drivers/STM32F4xx_HAL_Driver/Src/stm32f4xx_hal_exti.o
LOAD ./Drivers/STM32F4xx_HAL_Driver/Src/stm32f4xx_hal_flash.o
LOAD ./Drivers/STM32F4xx_HAL_Driver/Src/stm32f4xx_hal_flash_ex.o
LOAD ./Drivers/STM32F4xx_HAL_Driver/Src/stm32f4xx_hal_flash_ramfunc.o
LOAD ./Drivers/STM32F4xx_HAL_Driver/Src/stm32f4xx_hal_gpio.o
LOAD ./Drivers/STM32F4xx_HAL_Driver/Src/stm32f4xx_hal_pcd.o
LOAD ./Drivers/STM32F4xx_HAL_Driver/Src/stm32f4xx_hal_pcd_ex.o
LOAD ./Drivers/STM32F4xx_HAL_Driver/Src/stm32f4xx_hal_pwr.o
LOAD ./Drivers/STM32F4xx_HAL_Driver/Src/stm32f4xx_hal_pwr_ex.o
LOAD ./Drivers/STM32F4xx_HAL_Driver/Src/stm32f4xx_hal_rcc.o
LOAD ./Drivers/STM32F4xx_HAL_Driver/Src/stm32f4xx_hal_rcc_ex.o
LOAD ./Drivers/STM32F4xx_HAL_Driver/Src/stm32f4xx_hal_tim.o
LOAD ./Drivers/STM32F4xx_HAL_Driver/Src/stm32f4xx_hal_tim_ex.o
LOAD ./Drivers/STM32F4xx_HAL_Driver/Src/stm32f4xx_ll_usb.o
LOAD ./Middlewares/ST/STM32_USB_Device_Library/Class/HID/Src/usbd_hid.o
LOAD ./Middlewares/ST/STM32_USB_Device_Library/Core/Src/usbd_core.o
LOAD ./Middlewares/ST/STM32_USB_Device_Library/Core/Src/usbd_ctlreq.o
LOAD ./Middlewares/ST/STM32_USB_Device_Library/Core/Src/usbd_ioreq.o
LOAD ./USB_DEVICE/App/usb_device.o
LOAD ./USB_DEVICE/App/usbd_desc.o
LOAD ./USB_DEVICE/Target/usbd_conf.o
START GROUP
LOAD c:/st/stm32cubeide_1.8.0/stm32cubeide/plugins/com.st.stm32cube.ide.mcu.externaltools.gnu-tools-for-stm32.9-2020-q2-update.win32_2.0.0.202105311346/tools/bin/../lib/gcc/arm-none-eabi/9.3.1/../../../../arm-none-eabi/lib/thumb/v7e-m+fp/hard\libc_nano.a
LOAD c:/st/stm32cubeide_1.8.0/stm32cubeide/plugins/com.st.stm32cube.ide.mcu.externaltools.gnu-tools-for-stm32.9-2020-q2-update.win32_2.0.0.202105311346/tools/bin/../lib/gcc/arm-none-eabi/9.3.1/../../../../arm-none-eabi/lib/thumb/v7e-m+fp/hard\libm.a
END GROUP
START GROUP
LOAD c:/st/stm32cubeide_1.8.0/stm32cubeide/plugins/com.st.stm32cube.ide.mcu.externaltools.gnu-tools-for-stm32.9-2020-q2-update.win32_2.0.0.202105311346/tools/bin/../lib/gcc/arm-none-eabi/9.3.1/thumb/v7e-m+fp/hard\libgcc.a
LOAD c:/st/stm32cubeide_1.8.0/stm32cubeide/plugins/com.st.stm32cube.ide.mcu.externaltools.gnu-tools-for-stm32.9-2020-q2-update.win32_2.0.0.202105311346/tools/bin/../lib/gcc/arm-none-eabi/9.3.1/../../../../arm-none-eabi/lib/thumb/v7e-m+fp/hard\libc_nano.a
END GROUP
START GROUP
LOAD c:/st/stm32cubeide_1.8.0/stm32cubeide/plugins/com.st.stm32cube.ide.mcu.externaltools.gnu-tools-for-stm32.9-2020-q2-update.win32_2.0.0.202105311346/tools/bin/../lib/gcc/arm-none-eabi/9.3.1/thumb/v7e-m+fp/hard\libgcc.a
LOAD c:/st/stm32cubeide_1.8.0/stm32cubeide/plugins/com.st.stm32cube.ide.mcu.externaltools.gnu-tools-for-stm32.9-2020-q2-update.win32_2.0.0.202105311346/tools/bin/../lib/gcc/arm-none-eabi/9.3.1/../../../../arm-none-eabi/lib/thumb/v7e-m+fp/hard\libc_nano.a
LOAD c:/st/stm32cubeide_1.8.0/stm32cubeide/plugins/com.st.stm32cube.ide.mcu.externaltools.gnu-tools-for-stm32.9-2020-q2-update.win32_2.0.0.202105311346/tools/bin/../lib/gcc/arm-none-eabi/9.3.1/../../../../arm-none-eabi/lib/thumb/v7e-m+fp/hard\libnosys.a
END GROUP
START GROUP
LOAD c:/st/stm32cubeide_1.8.0/stm32cubeide/plugins/com.st.stm32cube.ide.mcu.externaltools.gnu-tools-for-stm32.9-2020-q2-update.win32_2.0.0.202105311346/tools/bin/../lib/gcc/arm-none-eabi/9.3.1/thumb/v7e-m+fp/hard\libgcc.a
LOAD c:/st/stm32cubeide_1.8.0/stm32cubeide/plugins/com.st.stm32cube.ide.mcu.externaltools.gnu-tools-for-stm32.9-2020-q2-update.win32_2.0.0.202105311346/tools/bin/../lib/gcc/arm-none-eabi/9.3.1/../../../../arm-none-eabi/lib/thumb/v7e-m+fp/hard\libc_nano.a
LOAD c:/st/stm32cubeide_1.8.0/stm32cubeide/plugins/com.st.stm32cube.ide.mcu.externaltools.gnu-tools-for-stm32.9-2020-q2-update.win32_2.0.0.202105311346/tools/bin/../lib/gcc/arm-none-eabi/9.3.1/../../../../arm-none-eabi/lib/thumb/v7e-m+fp/hard\libnosys.a
END GROUP
LOAD c:/st/stm32cubeide_1.8.0/stm32cubeide/plugins/com.st.stm32cube.ide.mcu.externaltools.gnu-tools-for-stm32.9-2020-q2-update.win32_2.0.0.202105311346/tools/bin/../lib/gcc/arm-none-eabi/9.3.1/thumb/v7e-m+fp/hard/crtend.o
LOAD c:/st/stm32cubeide_1.8.0/stm32cubeide/plugins/com.st.stm32cube.ide.mcu.externaltools.gnu-tools-for-stm32.9-2020-q2-update.win32_2.0.0.202105311346/tools/bin/../lib/gcc/arm-none-eabi/9.3.1/thumb/v7e-m+fp/hard/crtn.o
                0x0000000020020000                _estack = (ORIGIN (RAM) + LENGTH (RAM))
                0x0000000000000200                _Min_Heap_Size = 0x200
                0x0000000000000400                _Min_Stack_Size = 0x400

.isr_vector     0x0000000008000000      0x198
                0x0000000008000000                . = ALIGN (0x4)
 *(.isr_vector)
 .isr_vector    0x0000000008000000      0x198 ./Core/Startup/startup_stm32f411ceux.o
                0x0000000008000000                g_pfnVectors
                0x0000000008000198                . = ALIGN (0x4)

.text           0x0000000008000198     0x5fe4
                0x0000000008000198                . = ALIGN (0x4)
 *(.text)
 .text          0x0000000008000198       0x40 c:/st/stm32cubeide_1.8.0/stm32cubeide/plugins/com.st.stm32cube.ide.mcu.externaltools.gnu-tools-for-stm32.9-2020-q2-update.win32_2.0.0.202105311346/tools/bin/../lib/gcc/arm-none-eabi/9.3.1/thumb/v7e-m+fp/hard/crtbegin.o
 .text          0x00000000080001d8       0x30 c:/st/stm32cubeide_1.8.0/stm32cubeide/plugins/com.st.stm32cube.ide.mcu.externaltools.gnu-tools-for-stm32.9-2020-q2-update.win32_2.0.0.202105311346/tools/bin/../lib/gcc/arm-none-eabi/9.3.1/thumb/v7e-m+fp/hard\libgcc.a(_aeabi_uldivmod.o)
                0x00000000080001d8                __aeabi_uldivmod
 .text          0x0000000008000208      0x2c4 c:/st/stm32cubeide_1.8.0/stm32cubeide/plugins/com.st.stm32cube.ide.mcu.externaltools.gnu-tools-for-stm32.9-2020-q2-update.win32_2.0.0.202105311346/tools/bin/../lib/gcc/arm-none-eabi/9.3.1/thumb/v7e-m+fp/hard\libgcc.a(_udivmoddi4.o)
                0x0000000008000208                __udivmoddi4
 .text          0x00000000080004cc        0x4 c:/st/stm32cubeide_1.8.0/stm32cubeide/plugins/com.st.stm32cube.ide.mcu.externaltools.gnu-tools-for-stm32.9-2020-q2-update.win32_2.0.0.202105311346/tools/bin/../lib/gcc/arm-none-eabi/9.3.1/thumb/v7e-m+fp/hard\libgcc.a(_dvmd_tls.o)
                0x00000000080004cc                __aeabi_idiv0
                0x00000000080004cc                __aeabi_ldiv0
 *(.text*)
 .text.get_key_map
                0x00000000080004d0       0x60 ./Core/Src/main.o
                0x00000000080004d0                get_key_map
 .text.actuate_key
                0x0000000008000530       0x3e ./Core/Src/main.o
                0x0000000008000530                actuate_key
 .text.release_key
                0x000000000800056e       0x34 ./Core/Src/main.o
                0x000000000800056e                release_key
 *fill*         0x00000000080005a2        0x2 
 .text.main     0x00000000080005a4      0x178 ./Core/Src/main.o
                0x00000000080005a4                main
 .text.SystemClock_Config
                0x000000000800071c       0xd0 ./Core/Src/main.o
                0x000000000800071c                SystemClock_Config
 .text.MX_GPIO_Init
                0x00000000080007ec       0xb0 ./Core/Src/main.o
 .text.Error_Handler
                0x000000000800089c        0xa ./Core/Src/main.o
                0x000000000800089c                Error_Handler
 *fill*         0x00000000080008a6        0x2 
 .text.HAL_MspInit
                0x00000000080008a8       0x50 ./Core/Src/stm32f4xx_hal_msp.o
                0x00000000080008a8                HAL_MspInit
 .text.NMI_Handler
                0x00000000080008f8        0x6 ./Core/Src/stm32f4xx_it.o
                0x00000000080008f8                NMI_Handler
 .text.HardFault_Handler
                0x00000000080008fe        0x6 ./Core/Src/stm32f4xx_it.o
                0x00000000080008fe                HardFault_Handler
 .text.MemManage_Handler
                0x0000000008000904        0x6 ./Core/Src/stm32f4xx_it.o
                0x0000000008000904                MemManage_Handler
 .text.BusFault_Handler
                0x000000000800090a        0x6 ./Core/Src/stm32f4xx_it.o
                0x000000000800090a                BusFault_Handler
 .text.UsageFault_Handler
                0x0000000008000910        0x6 ./Core/Src/stm32f4xx_it.o
                0x0000000008000910                UsageFault_Handler
 .text.SVC_Handler
                0x0000000008000916        0xe ./Core/Src/stm32f4xx_it.o
                0x0000000008000916                SVC_Handler
 .text.DebugMon_Handler
                0x0000000008000924        0xe ./Core/Src/stm32f4xx_it.o
                0x0000000008000924                DebugMon_Handler
 .text.PendSV_Handler
                0x0000000008000932        0xe ./Core/Src/stm32f4xx_it.o
                0x0000000008000932                PendSV_Handler
 .text.SysTick_Handler
                0x0000000008000940        0xc ./Core/Src/stm32f4xx_it.o
                0x0000000008000940                SysTick_Handler
 .text.OTG_FS_IRQHandler
                0x000000000800094c       0x14 ./Core/Src/stm32f4xx_it.o
                0x000000000800094c                OTG_FS_IRQHandler
 .text.SystemInit
                0x0000000008000960       0x24 ./Core/Src/system_stm32f4xx.o
                0x0000000008000960                SystemInit
 .text.Reset_Handler
                0x0000000008000984       0x50 ./Core/Startup/startup_stm32f411ceux.o
                0x0000000008000984                Reset_Handler
 .text.Default_Handler
                0x00000000080009d4        0x2 ./Core/Startup/startup_stm32f411ceux.o
                0x00000000080009d4                RTC_Alarm_IRQHandler
                0x00000000080009d4                EXTI2_IRQHandler
                0x00000000080009d4                SPI4_IRQHandler
                0x00000000080009d4                TIM1_CC_IRQHandler
                0x00000000080009d4                DMA2_Stream5_IRQHandler
                0x00000000080009d4                DMA1_Stream5_IRQHandler
                0x00000000080009d4                PVD_IRQHandler
                0x00000000080009d4                SDIO_IRQHandler
                0x00000000080009d4                TAMP_STAMP_IRQHandler
                0x00000000080009d4                EXTI3_IRQHandler
                0x00000000080009d4                TIM1_UP_TIM10_IRQHandler
                0x00000000080009d4                I2C3_ER_IRQHandler
                0x00000000080009d4                EXTI0_IRQHandler
                0x00000000080009d4                I2C2_EV_IRQHandler
                0x00000000080009d4                DMA1_Stream2_IRQHandler
                0x00000000080009d4                FPU_IRQHandler
                0x00000000080009d4                DMA2_Stream2_IRQHandler
                0x00000000080009d4                SPI1_IRQHandler
                0x00000000080009d4                TIM1_BRK_TIM9_IRQHandler
                0x00000000080009d4                DMA2_Stream3_IRQHandler
                0x00000000080009d4                USART6_IRQHandler
                0x00000000080009d4                DMA2_Stream0_IRQHandler
                0x00000000080009d4                TIM4_IRQHandler
                0x00000000080009d4                I2C1_EV_IRQHandler
                0x00000000080009d4                DMA1_Stream6_IRQHandler
                0x00000000080009d4                DMA1_Stream1_IRQHandler
                0x00000000080009d4                TIM3_IRQHandler
                0x00000000080009d4                RCC_IRQHandler
                0x00000000080009d4                Default_Handler
                0x00000000080009d4                EXTI15_10_IRQHandler
                0x00000000080009d4                ADC_IRQHandler
                0x00000000080009d4                DMA1_Stream7_IRQHandler
                0x00000000080009d4                SPI5_IRQHandler
                0x00000000080009d4                TIM5_IRQHandler
                0x00000000080009d4                DMA2_Stream7_IRQHandler
                0x00000000080009d4                I2C3_EV_IRQHandler
                0x00000000080009d4                EXTI9_5_IRQHandler
                0x00000000080009d4                RTC_WKUP_IRQHandler
                0x00000000080009d4                SPI2_IRQHandler
                0x00000000080009d4                DMA1_Stream0_IRQHandler
                0x00000000080009d4                EXTI4_IRQHandler
                0x00000000080009d4                WWDG_IRQHandler
                0x00000000080009d4                TIM2_IRQHandler
                0x00000000080009d4                OTG_FS_WKUP_IRQHandler
                0x00000000080009d4                TIM1_TRG_COM_TIM11_IRQHandler
                0x00000000080009d4                EXTI1_IRQHandler
                0x00000000080009d4                USART2_IRQHandler
                0x00000000080009d4                I2C2_ER_IRQHandler
                0x00000000080009d4                DMA2_Stream1_IRQHandler
                0x00000000080009d4                FLASH_IRQHandler
                0x00000000080009d4                DMA2_Stream4_IRQHandler
                0x00000000080009d4                USART1_IRQHandler
                0x00000000080009d4                SPI3_IRQHandler
                0x00000000080009d4                DMA1_Stream4_IRQHandler
                0x00000000080009d4                I2C1_ER_IRQHandler
                0x00000000080009d4                DMA2_Stream6_IRQHandler
                0x00000000080009d4                DMA1_Stream3_IRQHandler
 *fill*         0x00000000080009d6        0x2 
 .text.HAL_Init
                0x00000000080009d8       0x44 ./Drivers/STM32F4xx_HAL_Driver/Src/stm32f4xx_hal.o
                0x00000000080009d8                HAL_Init
 .text.HAL_InitTick
                0x0000000008000a1c       0x60 ./Drivers/STM32F4xx_HAL_Driver/Src/stm32f4xx_hal.o
                0x0000000008000a1c                HAL_InitTick
 .text.HAL_IncTick
                0x0000000008000a7c       0x28 ./Drivers/STM32F4xx_HAL_Driver/Src/stm32f4xx_hal.o
                0x0000000008000a7c                HAL_IncTick
 .text.HAL_GetTick
                0x0000000008000aa4       0x18 ./Drivers/STM32F4xx_HAL_Driver/Src/stm32f4xx_hal.o
                0x0000000008000aa4                HAL_GetTick
 .text.HAL_Delay
                0x0000000008000abc       0x48 ./Drivers/STM32F4xx_HAL_Driver/Src/stm32f4xx_hal.o
                0x0000000008000abc                HAL_Delay
 .text.__NVIC_SetPriorityGrouping
                0x0000000008000b04       0x48 ./Drivers/STM32F4xx_HAL_Driver/Src/stm32f4xx_hal_cortex.o
 .text.__NVIC_GetPriorityGrouping
                0x0000000008000b4c       0x1c ./Drivers/STM32F4xx_HAL_Driver/Src/stm32f4xx_hal_cortex.o
 .text.__NVIC_EnableIRQ
                0x0000000008000b68       0x3c ./Drivers/STM32F4xx_HAL_Driver/Src/stm32f4xx_hal_cortex.o
 .text.__NVIC_SetPriority
                0x0000000008000ba4       0x54 ./Drivers/STM32F4xx_HAL_Driver/Src/stm32f4xx_hal_cortex.o
 .text.NVIC_EncodePriority
                0x0000000008000bf8       0x66 ./Drivers/STM32F4xx_HAL_Driver/Src/stm32f4xx_hal_cortex.o
 *fill*         0x0000000008000c5e        0x2 
 .text.SysTick_Config
                0x0000000008000c60       0x44 ./Drivers/STM32F4xx_HAL_Driver/Src/stm32f4xx_hal_cortex.o
 .text.HAL_NVIC_SetPriorityGrouping
                0x0000000008000ca4       0x16 ./Drivers/STM32F4xx_HAL_Driver/Src/stm32f4xx_hal_cortex.o
                0x0000000008000ca4                HAL_NVIC_SetPriorityGrouping
 .text.HAL_NVIC_SetPriority
                0x0000000008000cba       0x38 ./Drivers/STM32F4xx_HAL_Driver/Src/stm32f4xx_hal_cortex.o
                0x0000000008000cba                HAL_NVIC_SetPriority
 .text.HAL_NVIC_EnableIRQ
                0x0000000008000cf2       0x1c ./Drivers/STM32F4xx_HAL_Driver/Src/stm32f4xx_hal_cortex.o
                0x0000000008000cf2                HAL_NVIC_EnableIRQ
 .text.HAL_SYSTICK_Config
                0x0000000008000d0e       0x18 ./Drivers/STM32F4xx_HAL_Driver/Src/stm32f4xx_hal_cortex.o
                0x0000000008000d0e                HAL_SYSTICK_Config
 *fill*         0x0000000008000d26        0x2 
 .text.HAL_GPIO_Init
                0x0000000008000d28      0x308 ./Drivers/STM32F4xx_HAL_Driver/Src/stm32f4xx_hal_gpio.o
                0x0000000008000d28                HAL_GPIO_Init
 .text.HAL_GPIO_ReadPin
                0x0000000008001030       0x30 ./Drivers/STM32F4xx_HAL_Driver/Src/stm32f4xx_hal_gpio.o
                0x0000000008001030                HAL_GPIO_ReadPin
 .text.HAL_PCD_Init
                0x0000000008001060      0x23a ./Drivers/STM32F4xx_HAL_Driver/Src/stm32f4xx_hal_pcd.o
                0x0000000008001060                HAL_PCD_Init
 .text.HAL_PCD_Start
                0x000000000800129a       0x66 ./Drivers/STM32F4xx_HAL_Driver/Src/stm32f4xx_hal_pcd.o
                0x000000000800129a                HAL_PCD_Start
 .text.HAL_PCD_IRQHandler
                0x0000000008001300      0x764 ./Drivers/STM32F4xx_HAL_Driver/Src/stm32f4xx_hal_pcd.o
                0x0000000008001300                HAL_PCD_IRQHandler
 .text.HAL_PCD_SetAddress
                0x0000000008001a64       0x4a ./Drivers/STM32F4xx_HAL_Driver/Src/stm32f4xx_hal_pcd.o
                0x0000000008001a64                HAL_PCD_SetAddress
 .text.HAL_PCD_EP_Open
                0x0000000008001aae       0xd0 ./Drivers/STM32F4xx_HAL_Driver/Src/stm32f4xx_hal_pcd.o
                0x0000000008001aae                HAL_PCD_EP_Open
 .text.HAL_PCD_EP_Close
                0x0000000008001b7e       0x94 ./Drivers/STM32F4xx_HAL_Driver/Src/stm32f4xx_hal_pcd.o
                0x0000000008001b7e                HAL_PCD_EP_Close
 .text.HAL_PCD_EP_Receive
                0x0000000008001c12       0x96 ./Drivers/STM32F4xx_HAL_Driver/Src/stm32f4xx_hal_pcd.o
                0x0000000008001c12                HAL_PCD_EP_Receive
 .text.HAL_PCD_EP_Transmit
                0x0000000008001ca8       0x94 ./Drivers/STM32F4xx_HAL_Driver/Src/stm32f4xx_hal_pcd.o
                0x0000000008001ca8                HAL_PCD_EP_Transmit
 .text.HAL_PCD_EP_SetStall
                0x0000000008001d3c       0xc8 ./Drivers/STM32F4xx_HAL_Driver/Src/stm32f4xx_hal_pcd.o
                0x0000000008001d3c                HAL_PCD_EP_SetStall
 .text.HAL_PCD_EP_ClrStall
                0x0000000008001e04       0xac ./Drivers/STM32F4xx_HAL_Driver/Src/stm32f4xx_hal_pcd.o
                0x0000000008001e04                HAL_PCD_EP_ClrStall
 .text.PCD_WriteEmptyTxFifo
                0x0000000008001eb0      0x11a ./Drivers/STM32F4xx_HAL_Driver/Src/stm32f4xx_hal_pcd.o
 *fill*         0x0000000008001fca        0x2 
 .text.PCD_EP_OutXfrComplete_int
                0x0000000008001fcc      0x218 ./Drivers/STM32F4xx_HAL_Driver/Src/stm32f4xx_hal_pcd.o
 .text.PCD_EP_OutSetupPacket_int
                0x00000000080021e4       0x8c ./Drivers/STM32F4xx_HAL_Driver/Src/stm32f4xx_hal_pcd.o
 .text.HAL_PCDEx_SetTxFiFo
                0x0000000008002270       0x8e ./Drivers/STM32F4xx_HAL_Driver/Src/stm32f4xx_hal_pcd_ex.o
                0x0000000008002270                HAL_PCDEx_SetTxFiFo
 .text.HAL_PCDEx_SetRxFiFo
                0x00000000080022fe       0x22 ./Drivers/STM32F4xx_HAL_Driver/Src/stm32f4xx_hal_pcd_ex.o
                0x00000000080022fe                HAL_PCDEx_SetRxFiFo
 .text.HAL_PCDEx_LPM_Callback
                0x0000000008002320       0x18 ./Drivers/STM32F4xx_HAL_Driver/Src/stm32f4xx_hal_pcd_ex.o
                0x0000000008002320                HAL_PCDEx_LPM_Callback
 .text.HAL_RCC_OscConfig
                0x0000000008002338      0x4f0 ./Drivers/STM32F4xx_HAL_Driver/Src/stm32f4xx_hal_rcc.o
                0x0000000008002338                HAL_RCC_OscConfig
 .text.HAL_RCC_ClockConfig
                0x0000000008002828      0x1cc ./Drivers/STM32F4xx_HAL_Driver/Src/stm32f4xx_hal_rcc.o
                0x0000000008002828                HAL_RCC_ClockConfig
 .text.HAL_RCC_GetSysClockFreq
                0x00000000080029f4      0x16c ./Drivers/STM32F4xx_HAL_Driver/Src/stm32f4xx_hal_rcc.o
                0x00000000080029f4                HAL_RCC_GetSysClockFreq
 .text.HAL_RCC_GetHCLKFreq
                0x0000000008002b60       0x18 ./Drivers/STM32F4xx_HAL_Driver/Src/stm32f4xx_hal_rcc.o
                0x0000000008002b60                HAL_RCC_GetHCLKFreq
 .text.USB_CoreInit
                0x0000000008002b78       0xc2 ./Drivers/STM32F4xx_HAL_Driver/Src/stm32f4xx_ll_usb.o
                0x0000000008002b78                USB_CoreInit
 *fill*         0x0000000008002c3a        0x2 
 .text.USB_SetTurnaroundTime
                0x0000000008002c3c      0x144 ./Drivers/STM32F4xx_HAL_Driver/Src/stm32f4xx_ll_usb.o
                0x0000000008002c3c                USB_SetTurnaroundTime
 .text.USB_EnableGlobalInt
                0x0000000008002d80       0x22 ./Drivers/STM32F4xx_HAL_Driver/Src/stm32f4xx_ll_usb.o
                0x0000000008002d80                USB_EnableGlobalInt
 .text.USB_DisableGlobalInt
                0x0000000008002da2       0x22 ./Drivers/STM32F4xx_HAL_Driver/Src/stm32f4xx_ll_usb.o
                0x0000000008002da2                USB_DisableGlobalInt
 .text.USB_SetCurrentMode
                0x0000000008002dc4       0x98 ./Drivers/STM32F4xx_HAL_Driver/Src/stm32f4xx_ll_usb.o
                0x0000000008002dc4                USB_SetCurrentMode
 .text.USB_DevInit
                0x0000000008002e5c      0x2c8 ./Drivers/STM32F4xx_HAL_Driver/Src/stm32f4xx_ll_usb.o
                0x0000000008002e5c                USB_DevInit
 .text.USB_FlushTxFifo
                0x0000000008003124       0x48 ./Drivers/STM32F4xx_HAL_Driver/Src/stm32f4xx_ll_usb.o
                0x0000000008003124                USB_FlushTxFifo
 .text.USB_FlushRxFifo
                0x000000000800316c       0x40 ./Drivers/STM32F4xx_HAL_Driver/Src/stm32f4xx_ll_usb.o
                0x000000000800316c                USB_FlushRxFifo
 .text.USB_SetDevSpeed
                0x00000000080031ac       0x32 ./Drivers/STM32F4xx_HAL_Driver/Src/stm32f4xx_ll_usb.o
                0x00000000080031ac                USB_SetDevSpeed
 .text.USB_GetDevSpeed
                0x00000000080031de       0x4a ./Drivers/STM32F4xx_HAL_Driver/Src/stm32f4xx_ll_usb.o
                0x00000000080031de                USB_GetDevSpeed
 .text.USB_ActivateEndpoint
                0x0000000008003228      0x10e ./Drivers/STM32F4xx_HAL_Driver/Src/stm32f4xx_ll_usb.o
                0x0000000008003228                USB_ActivateEndpoint
 *fill*         0x0000000008003336        0x2 
 .text.USB_DeactivateEndpoint
                0x0000000008003338      0x1b8 ./Drivers/STM32F4xx_HAL_Driver/Src/stm32f4xx_ll_usb.o
                0x0000000008003338                USB_DeactivateEndpoint
 .text.USB_EPStartXfer
                0x00000000080034f0      0x488 ./Drivers/STM32F4xx_HAL_Driver/Src/stm32f4xx_ll_usb.o
                0x00000000080034f0                USB_EPStartXfer
 .text.USB_EP0StartXfer
                0x0000000008003978      0x2a6 ./Drivers/STM32F4xx_HAL_Driver/Src/stm32f4xx_ll_usb.o
                0x0000000008003978                USB_EP0StartXfer
 .text.USB_WritePacket
                0x0000000008003c1e       0x7c ./Drivers/STM32F4xx_HAL_Driver/Src/stm32f4xx_ll_usb.o
                0x0000000008003c1e                USB_WritePacket
 .text.USB_ReadPacket
                0x0000000008003c9a       0xb0 ./Drivers/STM32F4xx_HAL_Driver/Src/stm32f4xx_ll_usb.o
                0x0000000008003c9a                USB_ReadPacket
 .text.USB_EPSetStall
                0x0000000008003d4a       0xdc ./Drivers/STM32F4xx_HAL_Driver/Src/stm32f4xx_ll_usb.o
                0x0000000008003d4a                USB_EPSetStall
 .text.USB_EPClearStall
                0x0000000008003e26       0xcc ./Drivers/STM32F4xx_HAL_Driver/Src/stm32f4xx_ll_usb.o
                0x0000000008003e26                USB_EPClearStall
 .text.USB_SetDevAddress
                0x0000000008003ef2       0x4c ./Drivers/STM32F4xx_HAL_Driver/Src/stm32f4xx_ll_usb.o
                0x0000000008003ef2                USB_SetDevAddress
 .text.USB_DevConnect
                0x0000000008003f3e       0x42 ./Drivers/STM32F4xx_HAL_Driver/Src/stm32f4xx_ll_usb.o
                0x0000000008003f3e                USB_DevConnect
 .text.USB_DevDisconnect
                0x0000000008003f80       0x42 ./Drivers/STM32F4xx_HAL_Driver/Src/stm32f4xx_ll_usb.o
                0x0000000008003f80                USB_DevDisconnect
 .text.USB_ReadInterrupts
                0x0000000008003fc2       0x26 ./Drivers/STM32F4xx_HAL_Driver/Src/stm32f4xx_ll_usb.o
                0x0000000008003fc2                USB_ReadInterrupts
 .text.USB_ReadDevAllOutEpInterrupt
                0x0000000008003fe8       0x34 ./Drivers/STM32F4xx_HAL_Driver/Src/stm32f4xx_ll_usb.o
                0x0000000008003fe8                USB_ReadDevAllOutEpInterrupt
 .text.USB_ReadDevAllInEpInterrupt
                0x000000000800401c       0x34 ./Drivers/STM32F4xx_HAL_Driver/Src/stm32f4xx_ll_usb.o
                0x000000000800401c                USB_ReadDevAllInEpInterrupt
 .text.USB_ReadDevOutEPInterrupt
                0x0000000008004050       0x3c ./Drivers/STM32F4xx_HAL_Driver/Src/stm32f4xx_ll_usb.o
                0x0000000008004050                USB_ReadDevOutEPInterrupt
 .text.USB_ReadDevInEPInterrupt
                0x000000000800408c       0x5c ./Drivers/STM32F4xx_HAL_Driver/Src/stm32f4xx_ll_usb.o
                0x000000000800408c                USB_ReadDevInEPInterrupt
 .text.USB_GetMode
                0x00000000080040e8       0x1c ./Drivers/STM32F4xx_HAL_Driver/Src/stm32f4xx_ll_usb.o
                0x00000000080040e8                USB_GetMode
 .text.USB_ActivateSetup
                0x0000000008004104       0x46 ./Drivers/STM32F4xx_HAL_Driver/Src/stm32f4xx_ll_usb.o
                0x0000000008004104                USB_ActivateSetup
 *fill*         0x000000000800414a        0x2 
 .text.USB_EP0_OutStart
                0x000000000800414c       0xbc ./Drivers/STM32F4xx_HAL_Driver/Src/stm32f4xx_ll_usb.o
                0x000000000800414c                USB_EP0_OutStart
 .text.USB_CoreReset
                0x0000000008004208       0x64 ./Drivers/STM32F4xx_HAL_Driver/Src/stm32f4xx_ll_usb.o
 .text.USBD_HID_Init
                0x000000000800426c       0x66 ./Middlewares/ST/STM32_USB_Device_Library/Class/HID/Src/usbd_hid.o
 .text.USBD_HID_DeInit
                0x00000000080042d2       0x48 ./Middlewares/ST/STM32_USB_Device_Library/Class/HID/Src/usbd_hid.o
 *fill*         0x000000000800431a        0x2 
 .text.USBD_HID_Setup
                0x000000000800431c      0x208 ./Middlewares/ST/STM32_USB_Device_Library/Class/HID/Src/usbd_hid.o
 .text.USBD_HID_SendReport
                0x0000000008004524       0x50 ./Middlewares/ST/STM32_USB_Device_Library/Class/HID/Src/usbd_hid.o
                0x0000000008004524                USBD_HID_SendReport
 .text.USBD_HID_GetFSCfgDesc
                0x0000000008004574       0x20 ./Middlewares/ST/STM32_USB_Device_Library/Class/HID/Src/usbd_hid.o
 .text.USBD_HID_GetHSCfgDesc
                0x0000000008004594       0x20 ./Middlewares/ST/STM32_USB_Device_Library/Class/HID/Src/usbd_hid.o
 .text.USBD_HID_GetOtherSpeedCfgDesc
                0x00000000080045b4       0x20 ./Middlewares/ST/STM32_USB_Device_Library/Class/HID/Src/usbd_hid.o
 .text.USBD_HID_DataIn
                0x00000000080045d4       0x24 ./Middlewares/ST/STM32_USB_Device_Library/Class/HID/Src/usbd_hid.o
 .text.USBD_HID_GetDeviceQualifierDesc
                0x00000000080045f8       0x20 ./Middlewares/ST/STM32_USB_Device_Library/Class/HID/Src/usbd_hid.o
 .text.USBD_Init
                0x0000000008004618       0x60 ./Middlewares/ST/STM32_USB_Device_Library/Core/Src/usbd_core.o
                0x0000000008004618                USBD_Init
 .text.USBD_RegisterClass
                0x0000000008004678       0x4e ./Middlewares/ST/STM32_USB_Device_Library/Core/Src/usbd_core.o
                0x0000000008004678                USBD_RegisterClass
 .text.USBD_Start
                0x00000000080046c6       0x18 ./Middlewares/ST/STM32_USB_Device_Library/Core/Src/usbd_core.o
                0x00000000080046c6                USBD_Start
 .text.USBD_RunTestMode
                0x00000000080046de       0x16 ./Middlewares/ST/STM32_USB_Device_Library/Core/Src/usbd_core.o
                0x00000000080046de                USBD_RunTestMode
 .text.USBD_SetClassConfig
                0x00000000080046f4       0x38 ./Middlewares/ST/STM32_USB_Device_Library/Core/Src/usbd_core.o
                0x00000000080046f4                USBD_SetClassConfig
 .text.USBD_ClrClassConfig
                0x000000000800472c       0x30 ./Middlewares/ST/STM32_USB_Device_Library/Core/Src/usbd_core.o
                0x000000000800472c                USBD_ClrClassConfig
 .text.USBD_LL_SetupStage
                0x000000000800475c       0xaa ./Middlewares/ST/STM32_USB_Device_Library/Core/Src/usbd_core.o
                0x000000000800475c                USBD_LL_SetupStage
 .text.USBD_LL_DataOutStage
                0x0000000008004806       0xc6 ./Middlewares/ST/STM32_USB_Device_Library/Core/Src/usbd_core.o
                0x0000000008004806                USBD_LL_DataOutStage
 .text.USBD_LL_DataInStage
                0x00000000080048cc      0x12c ./Middlewares/ST/STM32_USB_Device_Library/Core/Src/usbd_core.o
                0x00000000080048cc                USBD_LL_DataInStage
 .text.USBD_LL_Reset
                0x00000000080049f8       0x9c ./Middlewares/ST/STM32_USB_Device_Library/Core/Src/usbd_core.o
                0x00000000080049f8                USBD_LL_Reset
 .text.USBD_LL_SetSpeed
                0x0000000008004a94       0x20 ./Middlewares/ST/STM32_USB_Device_Library/Core/Src/usbd_core.o
                0x0000000008004a94                USBD_LL_SetSpeed
 .text.USBD_LL_Suspend
                0x0000000008004ab4       0x2c ./Middlewares/ST/STM32_USB_Device_Library/Core/Src/usbd_core.o
                0x0000000008004ab4                USBD_LL_Suspend
 .text.USBD_LL_Resume
                0x0000000008004ae0       0x30 ./Middlewares/ST/STM32_USB_Device_Library/Core/Src/usbd_core.o
                0x0000000008004ae0                USBD_LL_Resume
 .text.USBD_LL_SOF
                0x0000000008004b10       0x44 ./Middlewares/ST/STM32_USB_Device_Library/Core/Src/usbd_core.o
                0x0000000008004b10                USBD_LL_SOF
 .text.USBD_LL_IsoINIncomplete
                0x0000000008004b54       0x4c ./Middlewares/ST/STM32_USB_Device_Library/Core/Src/usbd_core.o
                0x0000000008004b54                USBD_LL_IsoINIncomplete
 .text.USBD_LL_IsoOUTIncomplete
                0x0000000008004ba0       0x4c ./Middlewares/ST/STM32_USB_Device_Library/Core/Src/usbd_core.o
                0x0000000008004ba0                USBD_LL_IsoOUTIncomplete
 .text.USBD_LL_DevConnected
                0x0000000008004bec       0x16 ./Middlewares/ST/STM32_USB_Device_Library/Core/Src/usbd_core.o
                0x0000000008004bec                USBD_LL_DevConnected
 .text.USBD_LL_DevDisconnected
                0x0000000008004c02       0x38 ./Middlewares/ST/STM32_USB_Device_Library/Core/Src/usbd_core.o
                0x0000000008004c02                USBD_LL_DevDisconnected
 .text.SWAPBYTE
                0x0000000008004c3a       0x3c ./Middlewares/ST/STM32_USB_Device_Library/Core/Src/usbd_ctlreq.o
 *fill*         0x0000000008004c76        0x2 
 .text.USBD_StdDevReq
                0x0000000008004c78       0xdc ./Middlewares/ST/STM32_USB_Device_Library/Core/Src/usbd_ctlreq.o
                0x0000000008004c78                USBD_StdDevReq
 .text.USBD_StdItfReq
                0x0000000008004d54       0x92 ./Middlewares/ST/STM32_USB_Device_Library/Core/Src/usbd_ctlreq.o
                0x0000000008004d54                USBD_StdItfReq
 .text.USBD_StdEPReq
                0x0000000008004de6      0x2c4 ./Middlewares/ST/STM32_USB_Device_Library/Core/Src/usbd_ctlreq.o
                0x0000000008004de6                USBD_StdEPReq
 *fill*         0x00000000080050aa        0x2 
 .text.USBD_GetDescriptor
                0x00000000080050ac      0x2d4 ./Middlewares/ST/STM32_USB_Device_Library/Core/Src/usbd_ctlreq.o
 .text.USBD_SetAddress
                0x0000000008005380       0x88 ./Middlewares/ST/STM32_USB_Device_Library/Core/Src/usbd_ctlreq.o
 .text.USBD_SetConfig
                0x0000000008005408      0x14c ./Middlewares/ST/STM32_USB_Device_Library/Core/Src/usbd_ctlreq.o
 .text.USBD_GetConfig
                0x0000000008005554       0x6c ./Middlewares/ST/STM32_USB_Device_Library/Core/Src/usbd_ctlreq.o
 .text.USBD_GetStatus
                0x00000000080055c0       0x68 ./Middlewares/ST/STM32_USB_Device_Library/Core/Src/usbd_ctlreq.o
 .text.USBD_SetFeature
                0x0000000008005628       0x28 ./Middlewares/ST/STM32_USB_Device_Library/Core/Src/usbd_ctlreq.o
 .text.USBD_ClrFeature
                0x0000000008005650       0x44 ./Middlewares/ST/STM32_USB_Device_Library/Core/Src/usbd_ctlreq.o
 .text.USBD_ParseSetupRequest
                0x0000000008005694       0x74 ./Middlewares/ST/STM32_USB_Device_Library/Core/Src/usbd_ctlreq.o
                0x0000000008005694                USBD_ParseSetupRequest
 .text.USBD_CtlError
                0x0000000008005708       0x22 ./Middlewares/ST/STM32_USB_Device_Library/Core/Src/usbd_ctlreq.o
                0x0000000008005708                USBD_CtlError
 .text.USBD_GetString
                0x000000000800572a       0x8c ./Middlewares/ST/STM32_USB_Device_Library/Core/Src/usbd_ctlreq.o
                0x000000000800572a                USBD_GetString
 .text.USBD_GetLen
                0x00000000080057b6       0x34 ./Middlewares/ST/STM32_USB_Device_Library/Core/Src/usbd_ctlreq.o
 .text.USBD_CtlSendData
                0x00000000080057ea       0x36 ./Middlewares/ST/STM32_USB_Device_Library/Core/Src/usbd_ioreq.o
                0x00000000080057ea                USBD_CtlSendData
 .text.USBD_CtlContinueSendData
                0x0000000008005820       0x22 ./Middlewares/ST/STM32_USB_Device_Library/Core/Src/usbd_ioreq.o
                0x0000000008005820                USBD_CtlContinueSendData
 .text.USBD_CtlContinueRx
                0x0000000008005842       0x22 ./Middlewares/ST/STM32_USB_Device_Library/Core/Src/usbd_ioreq.o
                0x0000000008005842                USBD_CtlContinueRx
 .text.USBD_CtlSendStatus
                0x0000000008005864       0x26 ./Middlewares/ST/STM32_USB_Device_Library/Core/Src/usbd_ioreq.o
                0x0000000008005864                USBD_CtlSendStatus
 .text.USBD_CtlReceiveStatus
                0x000000000800588a       0x26 ./Middlewares/ST/STM32_USB_Device_Library/Core/Src/usbd_ioreq.o
                0x000000000800588a                USBD_CtlReceiveStatus
 .text.MX_USB_DEVICE_Init
                0x00000000080058b0       0x4c ./USB_DEVICE/App/usb_device.o
                0x00000000080058b0                MX_USB_DEVICE_Init
 .text.USBD_FS_DeviceDescriptor
                0x00000000080058fc       0x24 ./USB_DEVICE/App/usbd_desc.o
                0x00000000080058fc                USBD_FS_DeviceDescriptor
 .text.USBD_FS_LangIDStrDescriptor
                0x0000000008005920       0x24 ./USB_DEVICE/App/usbd_desc.o
                0x0000000008005920                USBD_FS_LangIDStrDescriptor
 .text.USBD_FS_ProductStrDescriptor
                0x0000000008005944       0x3c ./USB_DEVICE/App/usbd_desc.o
                0x0000000008005944                USBD_FS_ProductStrDescriptor
 .text.USBD_FS_ManufacturerStrDescriptor
                0x0000000008005980       0x28 ./USB_DEVICE/App/usbd_desc.o
                0x0000000008005980                USBD_FS_ManufacturerStrDescriptor
 .text.USBD_FS_SerialStrDescriptor
                0x00000000080059a8       0x24 ./USB_DEVICE/App/usbd_desc.o
                0x00000000080059a8                USBD_FS_SerialStrDescriptor
 .text.USBD_FS_ConfigStrDescriptor
                0x00000000080059cc       0x3c ./USB_DEVICE/App/usbd_desc.o
                0x00000000080059cc                USBD_FS_ConfigStrDescriptor
 .text.USBD_FS_InterfaceStrDescriptor
                0x0000000008005a08       0x3c ./USB_DEVICE/App/usbd_desc.o
                0x0000000008005a08                USBD_FS_InterfaceStrDescriptor
 .text.Get_SerialNum
                0x0000000008005a44       0x58 ./USB_DEVICE/App/usbd_desc.o
 .text.IntToUnicode
                0x0000000008005a9c       0x7e ./USB_DEVICE/App/usbd_desc.o
 *fill*         0x0000000008005b1a        0x2 
 .text.HAL_PCD_MspInit
                0x0000000008005b1c       0xa8 ./USB_DEVICE/Target/usbd_conf.o
                0x0000000008005b1c                HAL_PCD_MspInit
 .text.HAL_PCD_SetupStageCallback
                0x0000000008005bc4       0x24 ./USB_DEVICE/Target/usbd_conf.o
                0x0000000008005bc4                HAL_PCD_SetupStageCallback
 .text.HAL_PCD_DataOutStageCallback
                0x0000000008005be8       0x36 ./USB_DEVICE/Target/usbd_conf.o
                0x0000000008005be8                HAL_PCD_DataOutStageCallback
 .text.HAL_PCD_DataInStageCallback
                0x0000000008005c1e       0x34 ./USB_DEVICE/Target/usbd_conf.o
                0x0000000008005c1e                HAL_PCD_DataInStageCallback
 .text.HAL_PCD_SOFCallback
                0x0000000008005c52       0x1c ./USB_DEVICE/Target/usbd_conf.o
                0x0000000008005c52                HAL_PCD_SOFCallback
 .text.HAL_PCD_ResetCallback
                0x0000000008005c6e       0x3c ./USB_DEVICE/Target/usbd_conf.o
                0x0000000008005c6e                HAL_PCD_ResetCallback
 *fill*         0x0000000008005caa        0x2 
 .text.HAL_PCD_SuspendCallback
                0x0000000008005cac       0x4c ./USB_DEVICE/Target/usbd_conf.o
                0x0000000008005cac                HAL_PCD_SuspendCallback
 .text.HAL_PCD_ResumeCallback
                0x0000000008005cf8       0x1c ./USB_DEVICE/Target/usbd_conf.o
                0x0000000008005cf8                HAL_PCD_ResumeCallback
 .text.HAL_PCD_ISOOUTIncompleteCallback
                0x0000000008005d14       0x24 ./USB_DEVICE/Target/usbd_conf.o
                0x0000000008005d14                HAL_PCD_ISOOUTIncompleteCallback
 .text.HAL_PCD_ISOINIncompleteCallback
                0x0000000008005d38       0x24 ./USB_DEVICE/Target/usbd_conf.o
                0x0000000008005d38                HAL_PCD_ISOINIncompleteCallback
 .text.HAL_PCD_ConnectCallback
                0x0000000008005d5c       0x1c ./USB_DEVICE/Target/usbd_conf.o
                0x0000000008005d5c                HAL_PCD_ConnectCallback
 .text.HAL_PCD_DisconnectCallback
                0x0000000008005d78       0x1c ./USB_DEVICE/Target/usbd_conf.o
                0x0000000008005d78                HAL_PCD_DisconnectCallback
 .text.USBD_LL_Init
                0x0000000008005d94       0x98 ./USB_DEVICE/Target/usbd_conf.o
                0x0000000008005d94                USBD_LL_Init
 .text.USBD_LL_Start
                0x0000000008005e2c       0x36 ./USB_DEVICE/Target/usbd_conf.o
                0x0000000008005e2c                USBD_LL_Start
 .text.USBD_LL_OpenEP
                0x0000000008005e62       0x4c ./USB_DEVICE/Target/usbd_conf.o
                0x0000000008005e62                USBD_LL_OpenEP
 .text.USBD_LL_CloseEP
                0x0000000008005eae       0x3e ./USB_DEVICE/Target/usbd_conf.o
                0x0000000008005eae                USBD_LL_CloseEP
 .text.USBD_LL_StallEP
                0x0000000008005eec       0x3e ./USB_DEVICE/Target/usbd_conf.o
                0x0000000008005eec                USBD_LL_StallEP
 .text.USBD_LL_ClearStallEP
                0x0000000008005f2a       0x3e ./USB_DEVICE/Target/usbd_conf.o
                0x0000000008005f2a                USBD_LL_ClearStallEP
 .text.USBD_LL_IsStallEP
                0x0000000008005f68       0x58 ./USB_DEVICE/Target/usbd_conf.o
                0x0000000008005f68                USBD_LL_IsStallEP
 .text.USBD_LL_SetUSBAddress
                0x0000000008005fc0       0x3e ./USB_DEVICE/Target/usbd_conf.o
                0x0000000008005fc0                USBD_LL_SetUSBAddress
 .text.USBD_LL_Transmit
                0x0000000008005ffe       0x42 ./USB_DEVICE/Target/usbd_conf.o
                0x0000000008005ffe                USBD_LL_Transmit
 .text.USBD_LL_PrepareReceive
                0x0000000008006040       0x42 ./USB_DEVICE/Target/usbd_conf.o
                0x0000000008006040                USBD_LL_PrepareReceive
 *fill*         0x0000000008006082        0x2 
 .text.USBD_static_malloc
                0x0000000008006084       0x1c ./USB_DEVICE/Target/usbd_conf.o
                0x0000000008006084                USBD_static_malloc
 .text.USBD_static_free
                0x00000000080060a0       0x14 ./USB_DEVICE/Target/usbd_conf.o
                0x00000000080060a0                USBD_static_free
 .text.USBD_Get_USB_Status
                0x00000000080060b4       0x58 ./USB_DEVICE/Target/usbd_conf.o
                0x00000000080060b4                USBD_Get_USB_Status
 .text.__libc_init_array
                0x000000000800610c       0x48 c:/st/stm32cubeide_1.8.0/stm32cubeide/plugins/com.st.stm32cube.ide.mcu.externaltools.gnu-tools-for-stm32.9-2020-q2-update.win32_2.0.0.202105311346/tools/bin/../lib/gcc/arm-none-eabi/9.3.1/../../../../arm-none-eabi/lib/thumb/v7e-m+fp/hard\libc_nano.a(lib_a-init.o)
                0x000000000800610c                __libc_init_array
 .text.memset   0x0000000008006154       0x10 c:/st/stm32cubeide_1.8.0/stm32cubeide/plugins/com.st.stm32cube.ide.mcu.externaltools.gnu-tools-for-stm32.9-2020-q2-update.win32_2.0.0.202105311346/tools/bin/../lib/gcc/arm-none-eabi/9.3.1/../../../../arm-none-eabi/lib/thumb/v7e-m+fp/hard\libc_nano.a(lib_a-memset.o)
                0x0000000008006154                memset
 *(.glue_7)
 .glue_7        0x0000000008006164        0x0 linker stubs
 *(.glue_7t)
 .glue_7t       0x0000000008006164        0x0 linker stubs
 *(.eh_frame)
 .eh_frame      0x0000000008006164        0x0 c:/st/stm32cubeide_1.8.0/stm32cubeide/plugins/com.st.stm32cube.ide.mcu.externaltools.gnu-tools-for-stm32.9-2020-q2-update.win32_2.0.0.202105311346/tools/bin/../lib/gcc/arm-none-eabi/9.3.1/thumb/v7e-m+fp/hard/crtbegin.o
 *(.init)
 .init          0x0000000008006164        0x4 c:/st/stm32cubeide_1.8.0/stm32cubeide/plugins/com.st.stm32cube.ide.mcu.externaltools.gnu-tools-for-stm32.9-2020-q2-update.win32_2.0.0.202105311346/tools/bin/../lib/gcc/arm-none-eabi/9.3.1/thumb/v7e-m+fp/hard/crti.o
                0x0000000008006164                _init
 .init          0x0000000008006168        0x8 c:/st/stm32cubeide_1.8.0/stm32cubeide/plugins/com.st.stm32cube.ide.mcu.externaltools.gnu-tools-for-stm32.9-2020-q2-update.win32_2.0.0.202105311346/tools/bin/../lib/gcc/arm-none-eabi/9.3.1/thumb/v7e-m+fp/hard/crtn.o
 *(.fini)
 .fini          0x0000000008006170        0x4 c:/st/stm32cubeide_1.8.0/stm32cubeide/plugins/com.st.stm32cube.ide.mcu.externaltools.gnu-tools-for-stm32.9-2020-q2-update.win32_2.0.0.202105311346/tools/bin/../lib/gcc/arm-none-eabi/9.3.1/thumb/v7e-m+fp/hard/crti.o
                0x0000000008006170                _fini
 .fini          0x0000000008006174        0x8 c:/st/stm32cubeide_1.8.0/stm32cubeide/plugins/com.st.stm32cube.ide.mcu.externaltools.gnu-tools-for-stm32.9-2020-q2-update.win32_2.0.0.202105311346/tools/bin/../lib/gcc/arm-none-eabi/9.3.1/thumb/v7e-m+fp/hard/crtn.o
                0x000000000800617c                . = ALIGN (0x4)
                0x000000000800617c                _etext = .

.vfp11_veneer   0x000000000800617c        0x0
 .vfp11_veneer  0x000000000800617c        0x0 linker stubs

.v4_bx          0x000000000800617c        0x0
 .v4_bx         0x000000000800617c        0x0 linker stubs

.iplt           0x000000000800617c        0x0
 .iplt          0x000000000800617c        0x0 c:/st/stm32cubeide_1.8.0/stm32cubeide/plugins/com.st.stm32cube.ide.mcu.externaltools.gnu-tools-for-stm32.9-2020-q2-update.win32_2.0.0.202105311346/tools/bin/../lib/gcc/arm-none-eabi/9.3.1/thumb/v7e-m+fp/hard/crtbegin.o

.rodata         0x000000000800617c       0x54
                0x000000000800617c                . = ALIGN (0x4)
 *(.rodata)
 .rodata        0x000000000800617c       0x42 ./USB_DEVICE/App/usbd_desc.o
 *(.rodata*)
 *fill*         0x00000000080061be        0x2 
 .rodata.AHBPrescTable
                0x00000000080061c0       0x10 ./Core/Src/system_stm32f4xx.o
                0x00000000080061c0                AHBPrescTable
                0x00000000080061d0                . = ALIGN (0x4)

.ARM.extab      0x00000000080061d0        0x0
                0x00000000080061d0                . = ALIGN (0x4)
 *(.ARM.extab* .gnu.linkonce.armextab.*)
                0x00000000080061d0                . = ALIGN (0x4)

.ARM            0x00000000080061d0        0x8
                0x00000000080061d0                . = ALIGN (0x4)
                0x00000000080061d0                __exidx_start = .
 *(.ARM.exidx*)
 .ARM.exidx     0x00000000080061d0        0x8 c:/st/stm32cubeide_1.8.0/stm32cubeide/plugins/com.st.stm32cube.ide.mcu.externaltools.gnu-tools-for-stm32.9-2020-q2-update.win32_2.0.0.202105311346/tools/bin/../lib/gcc/arm-none-eabi/9.3.1/thumb/v7e-m+fp/hard\libgcc.a(_udivmoddi4.o)
                0x00000000080061d8                __exidx_end = .
                0x00000000080061d8                . = ALIGN (0x4)

.rel.dyn        0x00000000080061d8        0x0
 .rel.iplt      0x00000000080061d8        0x0 c:/st/stm32cubeide_1.8.0/stm32cubeide/plugins/com.st.stm32cube.ide.mcu.externaltools.gnu-tools-for-stm32.9-2020-q2-update.win32_2.0.0.202105311346/tools/bin/../lib/gcc/arm-none-eabi/9.3.1/thumb/v7e-m+fp/hard/crtbegin.o

.preinit_array  0x00000000080061d8        0x0
                0x00000000080061d8                . = ALIGN (0x4)
                0x00000000080061d8                PROVIDE (__preinit_array_start = .)
 *(.preinit_array*)
                0x00000000080061d8                PROVIDE (__preinit_array_end = .)
                0x00000000080061d8                . = ALIGN (0x4)

.init_array     0x00000000080061d8        0x4
                0x00000000080061d8                . = ALIGN (0x4)
                0x00000000080061d8                PROVIDE (__init_array_start = .)
 *(SORT_BY_NAME(.init_array.*))
 *(.init_array*)
 .init_array    0x00000000080061d8        0x4 c:/st/stm32cubeide_1.8.0/stm32cubeide/plugins/com.st.stm32cube.ide.mcu.externaltools.gnu-tools-for-stm32.9-2020-q2-update.win32_2.0.0.202105311346/tools/bin/../lib/gcc/arm-none-eabi/9.3.1/thumb/v7e-m+fp/hard/crtbegin.o
                0x00000000080061dc                PROVIDE (__init_array_end = .)
                0x00000000080061dc                . = ALIGN (0x4)

.fini_array     0x00000000080061dc        0x4
                0x00000000080061dc                . = ALIGN (0x4)
                [!provide]                        PROVIDE (__fini_array_start = .)
 *(SORT_BY_NAME(.fini_array.*))
 *(.fini_array*)
 .fini_array    0x00000000080061dc        0x4 c:/st/stm32cubeide_1.8.0/stm32cubeide/plugins/com.st.stm32cube.ide.mcu.externaltools.gnu-tools-for-stm32.9-2020-q2-update.win32_2.0.0.202105311346/tools/bin/../lib/gcc/arm-none-eabi/9.3.1/thumb/v7e-m+fp/hard/crtbegin.o
                [!provide]                        PROVIDE (__fini_array_end = .)
                0x00000000080061e0                . = ALIGN (0x4)
                0x00000000080061e0                _sidata = LOADADDR (.data)

.data           0x0000000020000000      0x158 load address 0x00000000080061e0
                0x0000000020000000                . = ALIGN (0x4)
                0x0000000020000000                _sdata = .
 *(.data)
 *(.data*)
 .data.SystemCoreClock
                0x0000000020000000        0x4 ./Core/Src/system_stm32f4xx.o
                0x0000000020000000                SystemCoreClock
 .data.uwTickPrio
                0x0000000020000004        0x4 ./Drivers/STM32F4xx_HAL_Driver/Src/stm32f4xx_hal.o
                0x0000000020000004                uwTickPrio
 .data.uwTickFreq
                0x0000000020000008        0x1 ./Drivers/STM32F4xx_HAL_Driver/Src/stm32f4xx_hal.o
                0x0000000020000008                uwTickFreq
 *fill*         0x0000000020000009        0x3 
 .data.USBD_HID
                0x000000002000000c       0x38 ./Middlewares/ST/STM32_USB_Device_Library/Class/HID/Src/usbd_hid.o
                0x000000002000000c                USBD_HID
 .data.USBD_HID_CfgFSDesc
                0x0000000020000044       0x22 ./Middlewares/ST/STM32_USB_Device_Library/Class/HID/Src/usbd_hid.o
 *fill*         0x0000000020000066        0x2 
 .data.USBD_HID_CfgHSDesc
                0x0000000020000068       0x22 ./Middlewares/ST/STM32_USB_Device_Library/Class/HID/Src/usbd_hid.o
 *fill*         0x000000002000008a        0x2 
 .data.USBD_HID_OtherSpeedCfgDesc
                0x000000002000008c       0x22 ./Middlewares/ST/STM32_USB_Device_Library/Class/HID/Src/usbd_hid.o
 *fill*         0x00000000200000ae        0x2 
 .data.USBD_HID_Desc
                0x00000000200000b0        0x9 ./Middlewares/ST/STM32_USB_Device_Library/Class/HID/Src/usbd_hid.o
 *fill*         0x00000000200000b9        0x3 
 .data.USBD_HID_DeviceQualifierDesc
                0x00000000200000bc        0xa ./Middlewares/ST/STM32_USB_Device_Library/Class/HID/Src/usbd_hid.o
 *fill*         0x00000000200000c6        0x2 
 .data.HID_MOUSE_ReportDesc
                0x00000000200000c8       0x3f ./Middlewares/ST/STM32_USB_Device_Library/Class/HID/Src/usbd_hid.o
 *fill*         0x0000000020000107        0x1 
 .data.FS_Desc  0x0000000020000108       0x1c ./USB_DEVICE/App/usbd_desc.o
                0x0000000020000108                FS_Desc
 .data.USBD_FS_DeviceDesc
                0x0000000020000124       0x12 ./USB_DEVICE/App/usbd_desc.o
                0x0000000020000124                USBD_FS_DeviceDesc
 *fill*         0x0000000020000136        0x2 
 .data.USBD_LangIDDesc
                0x0000000020000138        0x4 ./USB_DEVICE/App/usbd_desc.o
                0x0000000020000138                USBD_LangIDDesc
 .data.USBD_StringSerial
                0x000000002000013c       0x1a ./USB_DEVICE/App/usbd_desc.o
                0x000000002000013c                USBD_StringSerial
 *(.RamFunc)
 *(.RamFunc*)
                0x0000000020000158                . = ALIGN (0x4)
 *fill*         0x0000000020000156        0x2 
                0x0000000020000158                _edata = .

.igot.plt       0x0000000020000158        0x0 load address 0x0000000008006338
 .igot.plt      0x0000000020000158        0x0 c:/st/stm32cubeide_1.8.0/stm32cubeide/plugins/com.st.stm32cube.ide.mcu.externaltools.gnu-tools-for-stm32.9-2020-q2-update.win32_2.0.0.202105311346/tools/bin/../lib/gcc/arm-none-eabi/9.3.1/thumb/v7e-m+fp/hard/crtbegin.o
                0x0000000020000158                . = ALIGN (0x4)

.bss            0x0000000020000158      0x918 load address 0x0000000008006338
                0x0000000020000158                _sbss = .
                0x0000000020000158                __bss_start__ = _sbss
 *(.bss)
 .bss           0x0000000020000158       0x1c c:/st/stm32cubeide_1.8.0/stm32cubeide/plugins/com.st.stm32cube.ide.mcu.externaltools.gnu-tools-for-stm32.9-2020-q2-update.win32_2.0.0.202105311346/tools/bin/../lib/gcc/arm-none-eabi/9.3.1/thumb/v7e-m+fp/hard/crtbegin.o
 *(.bss*)
 .bss.HID_buffer
                0x0000000020000174        0x8 ./Core/Src/main.o
                0x0000000020000174                HID_buffer
 .bss.cfgidx.9758
                0x000000002000017c        0x1 ./Middlewares/ST/STM32_USB_Device_Library/Core/Src/usbd_ctlreq.o
 *fill*         0x000000002000017d        0x3 
 .bss.mem.9795  0x0000000020000180       0x14 ./USB_DEVICE/Target/usbd_conf.o
 *(COMMON)
 COMMON         0x0000000020000194        0x4 ./Drivers/STM32F4xx_HAL_Driver/Src/stm32f4xx_hal.o
                0x0000000020000194                uwTick
 COMMON         0x0000000020000198      0x2d0 ./USB_DEVICE/App/usb_device.o
                0x0000000020000198                hUsbDeviceFS
 COMMON         0x0000000020000468      0x200 ./USB_DEVICE/App/usbd_desc.o
                0x0000000020000468                USBD_StrDesc
 COMMON         0x0000000020000668      0x408 ./USB_DEVICE/Target/usbd_conf.o
                0x0000000020000668                hpcd_USB_OTG_FS
                0x0000000020000a70                . = ALIGN (0x4)
                0x0000000020000a70                _ebss = .
                0x0000000020000a70                __bss_end__ = _ebss

._user_heap_stack
                0x0000000020000a70      0x600 load address 0x0000000008006338
                0x0000000020000a70                . = ALIGN (0x8)
                [!provide]                        PROVIDE (end = .)
                0x0000000020000a70                PROVIDE (_end = .)
                0x0000000020000c70                . = (. + _Min_Heap_Size)
 *fill*         0x0000000020000a70      0x200 
                0x0000000020001070                . = (. + _Min_Stack_Size)
 *fill*         0x0000000020000c70      0x400 
                0x0000000020001070                . = ALIGN (0x8)

/DISCARD/
 libc.a(*)
 libm.a(*)
 libgcc.a(*)

.ARM.attributes
                0x0000000000000000       0x30
 *(.ARM.attributes)
 .ARM.attributes
                0x0000000000000000       0x1e c:/st/stm32cubeide_1.8.0/stm32cubeide/plugins/com.st.stm32cube.ide.mcu.externaltools.gnu-tools-for-stm32.9-2020-q2-update.win32_2.0.0.202105311346/tools/bin/../lib/gcc/arm-none-eabi/9.3.1/thumb/v7e-m+fp/hard/crti.o
 .ARM.attributes
                0x000000000000001e       0x34 c:/st/stm32cubeide_1.8.0/stm32cubeide/plugins/com.st.stm32cube.ide.mcu.externaltools.gnu-tools-for-stm32.9-2020-q2-update.win32_2.0.0.202105311346/tools/bin/../lib/gcc/arm-none-eabi/9.3.1/thumb/v7e-m+fp/hard/crtbegin.o
 .ARM.attributes
                0x0000000000000052       0x34 ./Core/Src/main.o
 .ARM.attributes
                0x0000000000000086       0x34 ./Core/Src/stm32f4xx_hal_msp.o
 .ARM.attributes
                0x00000000000000ba       0x34 ./Core/Src/stm32f4xx_it.o
 .ARM.attributes
                0x00000000000000ee       0x34 ./Core/Src/system_stm32f4xx.o
 .ARM.attributes
                0x0000000000000122       0x21 ./Core/Startup/startup_stm32f411ceux.o
 .ARM.attributes
                0x0000000000000143       0x34 ./Drivers/STM32F4xx_HAL_Driver/Src/stm32f4xx_hal.o
 .ARM.attributes
                0x0000000000000177       0x34 ./Drivers/STM32F4xx_HAL_Driver/Src/stm32f4xx_hal_cortex.o
 .ARM.attributes
                0x00000000000001ab       0x34 ./Drivers/STM32F4xx_HAL_Driver/Src/stm32f4xx_hal_gpio.o
 .ARM.attributes
                0x00000000000001df       0x34 ./Drivers/STM32F4xx_HAL_Driver/Src/stm32f4xx_hal_pcd.o
 .ARM.attributes
                0x0000000000000213       0x34 ./Drivers/STM32F4xx_HAL_Driver/Src/stm32f4xx_hal_pcd_ex.o
 .ARM.attributes
                0x0000000000000247       0x34 ./Drivers/STM32F4xx_HAL_Driver/Src/stm32f4xx_hal_rcc.o
 .ARM.attributes
                0x000000000000027b       0x34 ./Drivers/STM32F4xx_HAL_Driver/Src/stm32f4xx_ll_usb.o
 .ARM.attributes
                0x00000000000002af       0x34 ./Middlewares/ST/STM32_USB_Device_Library/Class/HID/Src/usbd_hid.o
 .ARM.attributes
                0x00000000000002e3       0x34 ./Middlewares/ST/STM32_USB_Device_Library/Core/Src/usbd_core.o
 .ARM.attributes
                0x0000000000000317       0x34 ./Middlewares/ST/STM32_USB_Device_Library/Core/Src/usbd_ctlreq.o
 .ARM.attributes
                0x000000000000034b       0x34 ./Middlewares/ST/STM32_USB_Device_Library/Core/Src/usbd_ioreq.o
 .ARM.attributes
                0x000000000000037f       0x34 ./USB_DEVICE/App/usb_device.o
 .ARM.attributes
                0x00000000000003b3       0x34 ./USB_DEVICE/App/usbd_desc.o
 .ARM.attributes
                0x00000000000003e7       0x34 ./USB_DEVICE/Target/usbd_conf.o
 .ARM.attributes
                0x000000000000041b       0x34 c:/st/stm32cubeide_1.8.0/stm32cubeide/plugins/com.st.stm32cube.ide.mcu.externaltools.gnu-tools-for-stm32.9-2020-q2-update.win32_2.0.0.202105311346/tools/bin/../lib/gcc/arm-none-eabi/9.3.1/../../../../arm-none-eabi/lib/thumb/v7e-m+fp/hard\libc_nano.a(lib_a-init.o)
 .ARM.attributes
                0x000000000000044f       0x34 c:/st/stm32cubeide_1.8.0/stm32cubeide/plugins/com.st.stm32cube.ide.mcu.externaltools.gnu-tools-for-stm32.9-2020-q2-update.win32_2.0.0.202105311346/tools/bin/../lib/gcc/arm-none-eabi/9.3.1/../../../../arm-none-eabi/lib/thumb/v7e-m+fp/hard\libc_nano.a(lib_a-memset.o)
 .ARM.attributes
                0x0000000000000483       0x1e c:/st/stm32cubeide_1.8.0/stm32cubeide/plugins/com.st.stm32cube.ide.mcu.externaltools.gnu-tools-for-stm32.9-2020-q2-update.win32_2.0.0.202105311346/tools/bin/../lib/gcc/arm-none-eabi/9.3.1/thumb/v7e-m+fp/hard\libgcc.a(_aeabi_uldivmod.o)
 .ARM.attributes
                0x00000000000004a1       0x34 c:/st/stm32cubeide_1.8.0/stm32cubeide/plugins/com.st.stm32cube.ide.mcu.externaltools.gnu-tools-for-stm32.9-2020-q2-update.win32_2.0.0.202105311346/tools/bin/../lib/gcc/arm-none-eabi/9.3.1/thumb/v7e-m+fp/hard\libgcc.a(_udivmoddi4.o)
 .ARM.attributes
                0x00000000000004d5       0x1e c:/st/stm32cubeide_1.8.0/stm32cubeide/plugins/com.st.stm32cube.ide.mcu.externaltools.gnu-tools-for-stm32.9-2020-q2-update.win32_2.0.0.202105311346/tools/bin/../lib/gcc/arm-none-eabi/9.3.1/thumb/v7e-m+fp/hard\libgcc.a(_dvmd_tls.o)
 .ARM.attributes
                0x00000000000004f3       0x1e c:/st/stm32cubeide_1.8.0/stm32cubeide/plugins/com.st.stm32cube.ide.mcu.externaltools.gnu-tools-for-stm32.9-2020-q2-update.win32_2.0.0.202105311346/tools/bin/../lib/gcc/arm-none-eabi/9.3.1/thumb/v7e-m+fp/hard/crtn.o
OUTPUT(CloneHeroController.elf elf32-littlearm)
LOAD linker stubs
LOAD c:/st/stm32cubeide_1.8.0/stm32cubeide/plugins/com.st.stm32cube.ide.mcu.externaltools.gnu-tools-for-stm32.9-2020-q2-update.win32_2.0.0.202105311346/tools/bin/../lib/gcc/arm-none-eabi/9.3.1/../../../../arm-none-eabi/lib/thumb/v7e-m+fp/hard\libc.a
LOAD c:/st/stm32cubeide_1.8.0/stm32cubeide/plugins/com.st.stm32cube.ide.mcu.externaltools.gnu-tools-for-stm32.9-2020-q2-update.win32_2.0.0.202105311346/tools/bin/../lib/gcc/arm-none-eabi/9.3.1/../../../../arm-none-eabi/lib/thumb/v7e-m+fp/hard\libm.a
LOAD c:/st/stm32cubeide_1.8.0/stm32cubeide/plugins/com.st.stm32cube.ide.mcu.externaltools.gnu-tools-for-stm32.9-2020-q2-update.win32_2.0.0.202105311346/tools/bin/../lib/gcc/arm-none-eabi/9.3.1/thumb/v7e-m+fp/hard\libgcc.a

.debug_info     0x0000000000000000    0x10ef2
 .debug_info    0x0000000000000000     0x15bc ./Core/Src/main.o
 .debug_info    0x00000000000015bc      0x3c0 ./Core/Src/stm32f4xx_hal_msp.o
 .debug_info    0x000000000000197c      0x6db ./Core/Src/stm32f4xx_it.o
 .debug_info    0x0000000000002057      0x5d0 ./Core/Src/system_stm32f4xx.o
 .debug_info    0x0000000000002627       0x22 ./Core/Startup/startup_stm32f411ceux.o
 .debug_info    0x0000000000002649      0x944 ./Drivers/STM32F4xx_HAL_Driver/Src/stm32f4xx_hal.o
 .debug_info    0x0000000000002f8d      0xe47 ./Drivers/STM32F4xx_HAL_Driver/Src/stm32f4xx_hal_cortex.o
 .debug_info    0x0000000000003dd4      0x862 ./Drivers/STM32F4xx_HAL_Driver/Src/stm32f4xx_hal_gpio.o
 .debug_info    0x0000000000004636     0x12d5 ./Drivers/STM32F4xx_HAL_Driver/Src/stm32f4xx_hal_pcd.o
 .debug_info    0x000000000000590b      0x7c3 ./Drivers/STM32F4xx_HAL_Driver/Src/stm32f4xx_hal_pcd_ex.o
 .debug_info    0x00000000000060ce      0x9be ./Drivers/STM32F4xx_HAL_Driver/Src/stm32f4xx_hal_rcc.o
 .debug_info    0x0000000000006a8c     0x1ab4 ./Drivers/STM32F4xx_HAL_Driver/Src/stm32f4xx_ll_usb.o
 .debug_info    0x0000000000008540     0x12c6 ./Middlewares/ST/STM32_USB_Device_Library/Class/HID/Src/usbd_hid.o
 .debug_info    0x0000000000009806     0x13a7 ./Middlewares/ST/STM32_USB_Device_Library/Core/Src/usbd_core.o
 .debug_info    0x000000000000abad     0x1373 ./Middlewares/ST/STM32_USB_Device_Library/Core/Src/usbd_ctlreq.o
 .debug_info    0x000000000000bf20     0x1095 ./Middlewares/ST/STM32_USB_Device_Library/Core/Src/usbd_ioreq.o
 .debug_info    0x000000000000cfb5      0xf16 ./USB_DEVICE/App/usb_device.o
 .debug_info    0x000000000000decb      0xdfa ./USB_DEVICE/App/usbd_desc.o
 .debug_info    0x000000000000ecc5     0x222d ./USB_DEVICE/Target/usbd_conf.o

.debug_abbrev   0x0000000000000000     0x2a68
 .debug_abbrev  0x0000000000000000      0x2e9 ./Core/Src/main.o
 .debug_abbrev  0x00000000000002e9      0x11d ./Core/Src/stm32f4xx_hal_msp.o
 .debug_abbrev  0x0000000000000406      0x184 ./Core/Src/stm32f4xx_it.o
 .debug_abbrev  0x000000000000058a      0x145 ./Core/Src/system_stm32f4xx.o
 .debug_abbrev  0x00000000000006cf       0x12 ./Core/Startup/startup_stm32f411ceux.o
 .debug_abbrev  0x00000000000006e1      0x21e ./Drivers/STM32F4xx_HAL_Driver/Src/stm32f4xx_hal.o
 .debug_abbrev  0x00000000000008ff      0x33c ./Drivers/STM32F4xx_HAL_Driver/Src/stm32f4xx_hal_cortex.o
 .debug_abbrev  0x0000000000000c3b      0x1f1 ./Drivers/STM32F4xx_HAL_Driver/Src/stm32f4xx_hal_gpio.o
 .debug_abbrev  0x0000000000000e2c      0x2a0 ./Drivers/STM32F4xx_HAL_Driver/Src/stm32f4xx_hal_pcd.o
 .debug_abbrev  0x00000000000010cc      0x1fb ./Drivers/STM32F4xx_HAL_Driver/Src/stm32f4xx_hal_pcd_ex.o
 .debug_abbrev  0x00000000000012c7      0x275 ./Drivers/STM32F4xx_HAL_Driver/Src/stm32f4xx_hal_rcc.o
 .debug_abbrev  0x000000000000153c      0x2a7 ./Drivers/STM32F4xx_HAL_Driver/Src/stm32f4xx_ll_usb.o
 .debug_abbrev  0x00000000000017e3      0x2d7 ./Middlewares/ST/STM32_USB_Device_Library/Class/HID/Src/usbd_hid.o
 .debug_abbrev  0x0000000000001aba      0x2b7 ./Middlewares/ST/STM32_USB_Device_Library/Core/Src/usbd_core.o
 .debug_abbrev  0x0000000000001d71      0x2fc ./Middlewares/ST/STM32_USB_Device_Library/Core/Src/usbd_ctlreq.o
 .debug_abbrev  0x000000000000206d      0x22a ./Middlewares/ST/STM32_USB_Device_Library/Core/Src/usbd_ioreq.o
 .debug_abbrev  0x0000000000002297      0x1fb ./USB_DEVICE/App/usb_device.o
 .debug_abbrev  0x0000000000002492      0x2aa ./USB_DEVICE/App/usbd_desc.o
 .debug_abbrev  0x000000000000273c      0x32c ./USB_DEVICE/Target/usbd_conf.o

.debug_aranges  0x0000000000000000      0xaa8
 .debug_aranges
                0x0000000000000000       0x50 ./Core/Src/main.o
 .debug_aranges
                0x0000000000000050       0x20 ./Core/Src/stm32f4xx_hal_msp.o
 .debug_aranges
                0x0000000000000070       0x68 ./Core/Src/stm32f4xx_it.o
 .debug_aranges
                0x00000000000000d8       0x28 ./Core/Src/system_stm32f4xx.o
 .debug_aranges
                0x0000000000000100       0x28 ./Core/Startup/startup_stm32f411ceux.o
 .debug_aranges
                0x0000000000000128       0xf0 ./Drivers/STM32F4xx_HAL_Driver/Src/stm32f4xx_hal.o
 .debug_aranges
                0x0000000000000218      0x118 ./Drivers/STM32F4xx_HAL_Driver/Src/stm32f4xx_hal_cortex.o
 .debug_aranges
                0x0000000000000330       0x58 ./Drivers/STM32F4xx_HAL_Driver/Src/stm32f4xx_hal_gpio.o
 .debug_aranges
                0x0000000000000388      0x138 ./Drivers/STM32F4xx_HAL_Driver/Src/stm32f4xx_hal_pcd.o
 .debug_aranges
                0x00000000000004c0       0x38 ./Drivers/STM32F4xx_HAL_Driver/Src/stm32f4xx_hal_pcd_ex.o
 .debug_aranges
                0x00000000000004f8       0x88 ./Drivers/STM32F4xx_HAL_Driver/Src/stm32f4xx_hal_rcc.o
 .debug_aranges
                0x0000000000000580      0x198 ./Drivers/STM32F4xx_HAL_Driver/Src/stm32f4xx_ll_usb.o
 .debug_aranges
                0x0000000000000718       0x68 ./Middlewares/ST/STM32_USB_Device_Library/Class/HID/Src/usbd_hid.o
 .debug_aranges
                0x0000000000000780       0xb8 ./Middlewares/ST/STM32_USB_Device_Library/Core/Src/usbd_core.o
 .debug_aranges
                0x0000000000000838       0x90 ./Middlewares/ST/STM32_USB_Device_Library/Core/Src/usbd_ctlreq.o
 .debug_aranges
                0x00000000000008c8       0x50 ./Middlewares/ST/STM32_USB_Device_Library/Core/Src/usbd_ioreq.o
 .debug_aranges
                0x0000000000000918       0x20 ./USB_DEVICE/App/usb_device.o
 .debug_aranges
                0x0000000000000938       0x60 ./USB_DEVICE/App/usbd_desc.o
 .debug_aranges
                0x0000000000000998      0x110 ./USB_DEVICE/Target/usbd_conf.o

.debug_ranges   0x0000000000000000      0x980
 .debug_ranges  0x0000000000000000       0x40 ./Core/Src/main.o
 .debug_ranges  0x0000000000000040       0x10 ./Core/Src/stm32f4xx_hal_msp.o
 .debug_ranges  0x0000000000000050       0x58 ./Core/Src/stm32f4xx_it.o
 .debug_ranges  0x00000000000000a8       0x18 ./Core/Src/system_stm32f4xx.o
 .debug_ranges  0x00000000000000c0       0x20 ./Core/Startup/startup_stm32f411ceux.o
 .debug_ranges  0x00000000000000e0       0xe0 ./Drivers/STM32F4xx_HAL_Driver/Src/stm32f4xx_hal.o
 .debug_ranges  0x00000000000001c0      0x108 ./Drivers/STM32F4xx_HAL_Driver/Src/stm32f4xx_hal_cortex.o
 .debug_ranges  0x00000000000002c8       0x48 ./Drivers/STM32F4xx_HAL_Driver/Src/stm32f4xx_hal_gpio.o
 .debug_ranges  0x0000000000000310      0x128 ./Drivers/STM32F4xx_HAL_Driver/Src/stm32f4xx_hal_pcd.o
 .debug_ranges  0x0000000000000438       0x28 ./Drivers/STM32F4xx_HAL_Driver/Src/stm32f4xx_hal_pcd_ex.o
 .debug_ranges  0x0000000000000460       0x78 ./Drivers/STM32F4xx_HAL_Driver/Src/stm32f4xx_hal_rcc.o
 .debug_ranges  0x00000000000004d8      0x188 ./Drivers/STM32F4xx_HAL_Driver/Src/stm32f4xx_ll_usb.o
 .debug_ranges  0x0000000000000660       0x58 ./Middlewares/ST/STM32_USB_Device_Library/Class/HID/Src/usbd_hid.o
 .debug_ranges  0x00000000000006b8       0xa8 ./Middlewares/ST/STM32_USB_Device_Library/Core/Src/usbd_core.o
 .debug_ranges  0x0000000000000760       0x80 ./Middlewares/ST/STM32_USB_Device_Library/Core/Src/usbd_ctlreq.o
 .debug_ranges  0x00000000000007e0       0x40 ./Middlewares/ST/STM32_USB_Device_Library/Core/Src/usbd_ioreq.o
 .debug_ranges  0x0000000000000820       0x10 ./USB_DEVICE/App/usb_device.o
 .debug_ranges  0x0000000000000830       0x50 ./USB_DEVICE/App/usbd_desc.o
 .debug_ranges  0x0000000000000880      0x100 ./USB_DEVICE/Target/usbd_conf.o

.debug_macro    0x0000000000000000    0x17d72
 .debug_macro   0x0000000000000000      0x40d ./Core/Src/main.o
 .debug_macro   0x000000000000040d      0xaa8 ./Core/Src/main.o
 .debug_macro   0x0000000000000eb5      0x295 ./Core/Src/main.o
 .debug_macro   0x000000000000114a       0x2e ./Core/Src/main.o
 .debug_macro   0x0000000000001178       0x28 ./Core/Src/main.o
 .debug_macro   0x00000000000011a0       0x22 ./Core/Src/main.o
 .debug_macro   0x00000000000011c2       0x8e ./Core/Src/main.o
 .debug_macro   0x0000000000001250       0x51 ./Core/Src/main.o
 .debug_macro   0x00000000000012a1      0x103 ./Core/Src/main.o
 .debug_macro   0x00000000000013a4       0x6a ./Core/Src/main.o
 .debug_macro   0x000000000000140e      0x1df ./Core/Src/main.o
 .debug_macro   0x00000000000015ed       0x1c ./Core/Src/main.o
 .debug_macro   0x0000000000001609       0x22 ./Core/Src/main.o
 .debug_macro   0x000000000000162b       0xdf ./Core/Src/main.o
 .debug_macro   0x000000000000170a     0x102d ./Core/Src/main.o
 .debug_macro   0x0000000000002737      0x11f ./Core/Src/main.o
 .debug_macro   0x0000000000002856     0xb953 ./Core/Src/main.o
 .debug_macro   0x000000000000e1a9       0x6d ./Core/Src/main.o
 .debug_macro   0x000000000000e216     0x3666 ./Core/Src/main.o
 .debug_macro   0x000000000001187c      0x174 ./Core/Src/main.o
 .debug_macro   0x00000000000119f0       0x5c ./Core/Src/main.o
 .debug_macro   0x0000000000011a4c      0x447 ./Core/Src/main.o
 .debug_macro   0x0000000000011e93      0x9fe ./Core/Src/main.o
 .debug_macro   0x0000000000012891      0x116 ./Core/Src/main.o
 .debug_macro   0x00000000000129a7      0x11b ./Core/Src/main.o
 .debug_macro   0x0000000000012ac2       0xa5 ./Core/Src/main.o
 .debug_macro   0x0000000000012b67      0x15f ./Core/Src/main.o
 .debug_macro   0x0000000000012cc6      0x287 ./Core/Src/main.o
 .debug_macro   0x0000000000012f4d       0x5f ./Core/Src/main.o
 .debug_macro   0x0000000000012fac      0x236 ./Core/Src/main.o
 .debug_macro   0x00000000000131e2      0x132 ./Core/Src/main.o
 .debug_macro   0x0000000000013314      0x264 ./Core/Src/main.o
 .debug_macro   0x0000000000013578       0x2e ./Core/Src/main.o
 .debug_macro   0x00000000000135a6      0x11a ./Core/Src/main.o
 .debug_macro   0x00000000000136c0       0x85 ./Core/Src/main.o
 .debug_macro   0x0000000000013745       0x89 ./Core/Src/main.o
 .debug_macro   0x00000000000137ce      0x21e ./Core/Src/main.o
 .debug_macro   0x00000000000139ec       0xba ./Core/Src/main.o
 .debug_macro   0x0000000000013aa6      0x126 ./Core/Src/main.o
 .debug_macro   0x0000000000013bcc       0x52 ./Core/Src/main.o
 .debug_macro   0x0000000000013c1e       0x18 ./Core/Src/main.o
 .debug_macro   0x0000000000013c36       0x3c ./Core/Src/main.o
 .debug_macro   0x0000000000013c72       0x34 ./Core/Src/main.o
 .debug_macro   0x0000000000013ca6       0x16 ./Core/Src/main.o
 .debug_macro   0x0000000000013cbc       0x35 ./Core/Src/main.o
 .debug_macro   0x0000000000013cf1      0x333 ./Core/Src/main.o
 .debug_macro   0x0000000000014024       0x10 ./Core/Src/main.o
 .debug_macro   0x0000000000014034       0x16 ./Core/Src/main.o
 .debug_macro   0x000000000001404a       0x43 ./Core/Src/main.o
 .debug_macro   0x000000000001408d       0x34 ./Core/Src/main.o
 .debug_macro   0x00000000000140c1       0x10 ./Core/Src/main.o
 .debug_macro   0x00000000000140d1       0x58 ./Core/Src/main.o
 .debug_macro   0x0000000000014129       0x71 ./Core/Src/main.o
 .debug_macro   0x000000000001419a       0x1c ./Core/Src/main.o
 .debug_macro   0x00000000000141b6      0x12a ./Core/Src/main.o
 .debug_macro   0x00000000000142e0       0x10 ./Core/Src/main.o
 .debug_macro   0x00000000000142f0       0x1c ./Core/Src/main.o
 .debug_macro   0x000000000001430c       0x52 ./Core/Src/main.o
 .debug_macro   0x000000000001435e       0x22 ./Core/Src/main.o
 .debug_macro   0x0000000000014380       0x10 ./Core/Src/main.o
 .debug_macro   0x0000000000014390       0x40 ./Core/Src/main.o
 .debug_macro   0x00000000000143d0       0xd5 ./Core/Src/main.o
 .debug_macro   0x00000000000144a5       0x1c ./Core/Src/main.o
 .debug_macro   0x00000000000144c1       0x3d ./Core/Src/main.o
 .debug_macro   0x00000000000144fe       0x16 ./Core/Src/main.o
 .debug_macro   0x0000000000014514      0x145 ./Core/Src/main.o
 .debug_macro   0x0000000000014659       0x16 ./Core/Src/main.o
 .debug_macro   0x000000000001466f       0x16 ./Core/Src/main.o
 .debug_macro   0x0000000000014685       0x29 ./Core/Src/main.o
 .debug_macro   0x00000000000146ae       0x16 ./Core/Src/main.o
 .debug_macro   0x00000000000146c4       0x20 ./Core/Src/main.o
 .debug_macro   0x00000000000146e4       0x6b ./Core/Src/main.o
 .debug_macro   0x000000000001474f      0x1ef ./Core/Src/main.o
 .debug_macro   0x000000000001493e       0x5e ./Core/Src/main.o
 .debug_macro   0x000000000001499c       0x22 ./Core/Src/main.o
 .debug_macro   0x00000000000149be      0x1de ./Core/Src/stm32f4xx_hal_msp.o
 .debug_macro   0x0000000000014b9c      0x1e8 ./Core/Src/stm32f4xx_it.o
 .debug_macro   0x0000000000014d84      0x1d4 ./Core/Src/system_stm32f4xx.o
 .debug_macro   0x0000000000014f58      0x234 ./Drivers/STM32F4xx_HAL_Driver/Src/stm32f4xx_hal.o
 .debug_macro   0x000000000001518c      0x1d4 ./Drivers/STM32F4xx_HAL_Driver/Src/stm32f4xx_hal_cortex.o
 .debug_macro   0x0000000000015360      0x1da ./Drivers/STM32F4xx_HAL_Driver/Src/stm32f4xx_hal_gpio.o
 .debug_macro   0x000000000001553a      0x1e0 ./Drivers/STM32F4xx_HAL_Driver/Src/stm32f4xx_hal_pcd.o
 .debug_macro   0x000000000001571a      0x1d4 ./Drivers/STM32F4xx_HAL_Driver/Src/stm32f4xx_hal_pcd_ex.o
 .debug_macro   0x00000000000158ee      0x1f8 ./Drivers/STM32F4xx_HAL_Driver/Src/stm32f4xx_hal_rcc.o
 .debug_macro   0x0000000000015ae6      0x1d4 ./Drivers/STM32F4xx_HAL_Driver/Src/stm32f4xx_ll_usb.o
 .debug_macro   0x0000000000015cba      0x3f4 ./Middlewares/ST/STM32_USB_Device_Library/Class/HID/Src/usbd_hid.o
 .debug_macro   0x00000000000160ae       0x97 ./Middlewares/ST/STM32_USB_Device_Library/Class/HID/Src/usbd_hid.o
 .debug_macro   0x0000000000016145       0xfd ./Middlewares/ST/STM32_USB_Device_Library/Class/HID/Src/usbd_hid.o
 .debug_macro   0x0000000000016242       0xd9 ./Middlewares/ST/STM32_USB_Device_Library/Class/HID/Src/usbd_hid.o
 .debug_macro   0x000000000001631b       0x56 ./Middlewares/ST/STM32_USB_Device_Library/Class/HID/Src/usbd_hid.o
 .debug_macro   0x0000000000016371      0x3db ./Middlewares/ST/STM32_USB_Device_Library/Core/Src/usbd_core.o
 .debug_macro   0x000000000001674c      0x1f5 ./Middlewares/ST/STM32_USB_Device_Library/Core/Src/usbd_core.o
 .debug_macro   0x0000000000016941      0x3e5 ./Middlewares/ST/STM32_USB_Device_Library/Core/Src/usbd_ctlreq.o
 .debug_macro   0x0000000000016d26      0x3e1 ./Middlewares/ST/STM32_USB_Device_Library/Core/Src/usbd_ioreq.o
 .debug_macro   0x0000000000017107      0x411 ./USB_DEVICE/App/usb_device.o
 .debug_macro   0x0000000000017518       0x22 ./USB_DEVICE/App/usb_device.o
 .debug_macro   0x000000000001753a      0x41e ./USB_DEVICE/App/usbd_desc.o
 .debug_macro   0x0000000000017958       0x1c ./USB_DEVICE/App/usbd_desc.o
 .debug_macro   0x0000000000017974      0x3fe ./USB_DEVICE/Target/usbd_conf.o

.debug_line     0x0000000000000000     0xdc17
 .debug_line    0x0000000000000000      0xbd1 ./Core/Src/main.o
 .debug_line    0x0000000000000bd1      0x6c4 ./Core/Src/stm32f4xx_hal_msp.o
 .debug_line    0x0000000000001295      0x79f ./Core/Src/stm32f4xx_it.o
 .debug_line    0x0000000000001a34      0x746 ./Core/Src/system_stm32f4xx.o
 .debug_line    0x000000000000217a       0x88 ./Core/Startup/startup_stm32f411ceux.o
 .debug_line    0x0000000000002202      0x9ac ./Drivers/STM32F4xx_HAL_Driver/Src/stm32f4xx_hal.o
 .debug_line    0x0000000000002bae      0xc5b ./Drivers/STM32F4xx_HAL_Driver/Src/stm32f4xx_hal_cortex.o
 .debug_line    0x0000000000003809      0xae6 ./Drivers/STM32F4xx_HAL_Driver/Src/stm32f4xx_hal_gpio.o
 .debug_line    0x00000000000042ef     0x12f9 ./Drivers/STM32F4xx_HAL_Driver/Src/stm32f4xx_hal_pcd.o
 .debug_line    0x00000000000055e8      0x78f ./Drivers/STM32F4xx_HAL_Driver/Src/stm32f4xx_hal_pcd_ex.o
 .debug_line    0x0000000000005d77      0xd26 ./Drivers/STM32F4xx_HAL_Driver/Src/stm32f4xx_hal_rcc.o
 .debug_line    0x0000000000006a9d     0x193b ./Drivers/STM32F4xx_HAL_Driver/Src/stm32f4xx_ll_usb.o
 .debug_line    0x00000000000083d8      0xc27 ./Middlewares/ST/STM32_USB_Device_Library/Class/HID/Src/usbd_hid.o
 .debug_line    0x0000000000008fff      0xe15 ./Middlewares/ST/STM32_USB_Device_Library/Core/Src/usbd_core.o
 .debug_line    0x0000000000009e14     0x1095 ./Middlewares/ST/STM32_USB_Device_Library/Core/Src/usbd_ctlreq.o
 .debug_line    0x000000000000aea9      0xa6c ./Middlewares/ST/STM32_USB_Device_Library/Core/Src/usbd_ioreq.o
 .debug_line    0x000000000000b915      0xa0d ./USB_DEVICE/App/usb_device.o
 .debug_line    0x000000000000c322      0xaf1 ./USB_DEVICE/App/usbd_desc.o
 .debug_line    0x000000000000ce13      0xe04 ./USB_DEVICE/Target/usbd_conf.o

.debug_str      0x0000000000000000    0x86da2
 .debug_str     0x0000000000000000    0x83ffa ./Core/Src/main.o
                                      0x843ca (size before relaxing)
 .debug_str     0x0000000000083ffa       0x2c ./Core/Src/stm32f4xx_hal_msp.o
                                      0x7ef88 (size before relaxing)
 .debug_str     0x0000000000084026      0x427 ./Core/Src/stm32f4xx_it.o
                                      0x7f2b9 (size before relaxing)
 .debug_str     0x000000000008444d       0xaf ./Core/Src/system_stm32f4xx.o
                                      0x7effa (size before relaxing)
 .debug_str     0x00000000000844fc       0x36 ./Core/Startup/startup_stm32f411ceux.o
                                         0x7c (size before relaxing)
 .debug_str     0x0000000000084532      0x90f ./Drivers/STM32F4xx_HAL_Driver/Src/stm32f4xx_hal.o
                                      0x7f984 (size before relaxing)
 .debug_str     0x0000000000084e41      0x3a5 ./Drivers/STM32F4xx_HAL_Driver/Src/stm32f4xx_hal_cortex.o
                                      0x7f761 (size before relaxing)
 .debug_str     0x00000000000851e6      0x17b ./Drivers/STM32F4xx_HAL_Driver/Src/stm32f4xx_hal_gpio.o
                                      0x7f1a1 (size before relaxing)
 .debug_str     0x0000000000085361      0x564 ./Drivers/STM32F4xx_HAL_Driver/Src/stm32f4xx_hal_pcd.o
                                      0x7f7d2 (size before relaxing)
 .debug_str     0x00000000000858c5      0x13f ./Drivers/STM32F4xx_HAL_Driver/Src/stm32f4xx_hal_pcd_ex.o
                                      0x7f39d (size before relaxing)
 .debug_str     0x0000000000085a04      0x259 ./Drivers/STM32F4xx_HAL_Driver/Src/stm32f4xx_hal_rcc.o
                                      0x7f3fc (size before relaxing)
 .debug_str     0x0000000000085c5d      0x6a0 ./Drivers/STM32F4xx_HAL_Driver/Src/stm32f4xx_ll_usb.o
                                      0x7f909 (size before relaxing)
 .debug_str     0x00000000000862fd      0x27a ./Middlewares/ST/STM32_USB_Device_Library/Class/HID/Src/usbd_hid.o
                                      0x84256 (size before relaxing)
 .debug_str     0x0000000000086577      0x1a2 ./Middlewares/ST/STM32_USB_Device_Library/Core/Src/usbd_core.o
                                      0x8405f (size before relaxing)
 .debug_str     0x0000000000086719      0x14d ./Middlewares/ST/STM32_USB_Device_Library/Core/Src/usbd_ctlreq.o
                                      0x8401d (size before relaxing)
 .debug_str     0x0000000000086866       0xc9 ./Middlewares/ST/STM32_USB_Device_Library/Core/Src/usbd_ioreq.o
                                      0x83f6d (size before relaxing)
 .debug_str     0x000000000008692f       0xb5 ./USB_DEVICE/App/usb_device.o
                                      0x840d9 (size before relaxing)
 .debug_str     0x00000000000869e4      0x26a ./USB_DEVICE/App/usbd_desc.o
                                      0x83ebb (size before relaxing)
 .debug_str     0x0000000000086c4e      0x154 ./USB_DEVICE/Target/usbd_conf.o
                                      0x84c39 (size before relaxing)

.comment        0x0000000000000000       0x53
 .comment       0x0000000000000000       0x53 ./Core/Src/main.o
                                         0x54 (size before relaxing)
 .comment       0x0000000000000053       0x54 ./Core/Src/stm32f4xx_hal_msp.o
 .comment       0x0000000000000053       0x54 ./Core/Src/stm32f4xx_it.o
 .comment       0x0000000000000053       0x54 ./Core/Src/system_stm32f4xx.o
 .comment       0x0000000000000053       0x54 ./Drivers/STM32F4xx_HAL_Driver/Src/stm32f4xx_hal.o
 .comment       0x0000000000000053       0x54 ./Drivers/STM32F4xx_HAL_Driver/Src/stm32f4xx_hal_cortex.o
 .comment       0x0000000000000053       0x54 ./Drivers/STM32F4xx_HAL_Driver/Src/stm32f4xx_hal_gpio.o
 .comment       0x0000000000000053       0x54 ./Drivers/STM32F4xx_HAL_Driver/Src/stm32f4xx_hal_pcd.o
 .comment       0x0000000000000053       0x54 ./Drivers/STM32F4xx_HAL_Driver/Src/stm32f4xx_hal_pcd_ex.o
 .comment       0x0000000000000053       0x54 ./Drivers/STM32F4xx_HAL_Driver/Src/stm32f4xx_hal_rcc.o
 .comment       0x0000000000000053       0x54 ./Drivers/STM32F4xx_HAL_Driver/Src/stm32f4xx_ll_usb.o
 .comment       0x0000000000000053       0x54 ./Middlewares/ST/STM32_USB_Device_Library/Class/HID/Src/usbd_hid.o
 .comment       0x0000000000000053       0x54 ./Middlewares/ST/STM32_USB_Device_Library/Core/Src/usbd_core.o
 .comment       0x0000000000000053       0x54 ./Middlewares/ST/STM32_USB_Device_Library/Core/Src/usbd_ctlreq.o
 .comment       0x0000000000000053       0x54 ./Middlewares/ST/STM32_USB_Device_Library/Core/Src/usbd_ioreq.o
 .comment       0x0000000000000053       0x54 ./USB_DEVICE/App/usb_device.o
 .comment       0x0000000000000053       0x54 ./USB_DEVICE/App/usbd_desc.o
 .comment       0x0000000000000053       0x54 ./USB_DEVICE/Target/usbd_conf.o

.debug_frame    0x0000000000000000     0x2a34
 .debug_frame   0x0000000000000000      0x104 ./Core/Src/main.o
 .debug_frame   0x0000000000000104       0x38 ./Core/Src/stm32f4xx_hal_msp.o
 .debug_frame   0x000000000000013c      0x120 ./Core/Src/stm32f4xx_it.o
 .debug_frame   0x000000000000025c       0x58 ./Core/Src/system_stm32f4xx.o
 .debug_frame   0x00000000000002b4      0x374 ./Drivers/STM32F4xx_HAL_Driver/Src/stm32f4xx_hal.o
 .debug_frame   0x0000000000000628      0x498 ./Drivers/STM32F4xx_HAL_Driver/Src/stm32f4xx_hal_cortex.o
 .debug_frame   0x0000000000000ac0      0x14c ./Drivers/STM32F4xx_HAL_Driver/Src/stm32f4xx_hal_gpio.o
 .debug_frame   0x0000000000000c0c      0x574 ./Drivers/STM32F4xx_HAL_Driver/Src/stm32f4xx_hal_pcd.o
 .debug_frame   0x0000000000001180       0xb0 ./Drivers/STM32F4xx_HAL_Driver/Src/stm32f4xx_hal_pcd_ex.o
 .debug_frame   0x0000000000001230      0x1ec ./Drivers/STM32F4xx_HAL_Driver/Src/stm32f4xx_hal_rcc.o
 .debug_frame   0x000000000000141c      0x798 ./Drivers/STM32F4xx_HAL_Driver/Src/stm32f4xx_ll_usb.o
 .debug_frame   0x0000000000001bb4      0x190 ./Middlewares/ST/STM32_USB_Device_Library/Class/HID/Src/usbd_hid.o
 .debug_frame   0x0000000000001d44      0x2f4 ./Middlewares/ST/STM32_USB_Device_Library/Core/Src/usbd_core.o
 .debug_frame   0x0000000000002038      0x23c ./Middlewares/ST/STM32_USB_Device_Library/Core/Src/usbd_ctlreq.o
 .debug_frame   0x0000000000002274      0x10c ./Middlewares/ST/STM32_USB_Device_Library/Core/Src/usbd_ioreq.o
 .debug_frame   0x0000000000002380       0x2c ./USB_DEVICE/App/usb_device.o
 .debug_frame   0x00000000000023ac      0x160 ./USB_DEVICE/App/usbd_desc.o
 .debug_frame   0x000000000000250c      0x47c ./USB_DEVICE/Target/usbd_conf.o
 .debug_frame   0x0000000000002988       0x2c c:/st/stm32cubeide_1.8.0/stm32cubeide/plugins/com.st.stm32cube.ide.mcu.externaltools.gnu-tools-for-stm32.9-2020-q2-update.win32_2.0.0.202105311346/tools/bin/../lib/gcc/arm-none-eabi/9.3.1/../../../../arm-none-eabi/lib/thumb/v7e-m+fp/hard\libc_nano.a(lib_a-init.o)
 .debug_frame   0x00000000000029b4       0x20 c:/st/stm32cubeide_1.8.0/stm32cubeide/plugins/com.st.stm32cube.ide.mcu.externaltools.gnu-tools-for-stm32.9-2020-q2-update.win32_2.0.0.202105311346/tools/bin/../lib/gcc/arm-none-eabi/9.3.1/../../../../arm-none-eabi/lib/thumb/v7e-m+fp/hard\libc_nano.a(lib_a-memset.o)
 .debug_frame   0x00000000000029d4       0x2c c:/st/stm32cubeide_1.8.0/stm32cubeide/plugins/com.st.stm32cube.ide.mcu.externaltools.gnu-tools-for-stm32.9-2020-q2-update.win32_2.0.0.202105311346/tools/bin/../lib/gcc/arm-none-eabi/9.3.1/thumb/v7e-m+fp/hard\libgcc.a(_aeabi_uldivmod.o)
 .debug_frame   0x0000000000002a00       0x34 c:/st/stm32cubeide_1.8.0/stm32cubeide/plugins/com.st.stm32cube.ide.mcu.externaltools.gnu-tools-for-stm32.9-2020-q2-update.win32_2.0.0.202105311346/tools/bin/../lib/gcc/arm-none-eabi/9.3.1/thumb/v7e-m+fp/hard\libgcc.a(_udivmoddi4.o)
